Archive member included to satisfy reference by file (symbol)

/opt/gcc-arm-none-eabi-10-2020-q4-major/bin/../lib/gcc/arm-none-eabi/10.2.1/../../../../arm-none-eabi/lib/thumb/v6-m/nofp/libm.a(lib_a-cabs.o)
                              CMakeFiles/PicoMite.dir/MATHS.c.obj (cabs)
/opt/gcc-arm-none-eabi-10-2020-q4-major/bin/../lib/gcc/arm-none-eabi/10.2.1/../../../../arm-none-eabi/lib/thumb/v6-m/nofp/libm.a(lib_a-cexp.o)
                              CMakeFiles/PicoMite.dir/MATHS.c.obj (cexp)
/opt/gcc-arm-none-eabi-10-2020-q4-major/bin/../lib/gcc/arm-none-eabi/10.2.1/../../../../arm-none-eabi/lib/thumb/v6-m/nofp/libm.a(lib_a-cimag.o)
                              /opt/gcc-arm-none-eabi-10-2020-q4-major/bin/../lib/gcc/arm-none-eabi/10.2.1/../../../../arm-none-eabi/lib/thumb/v6-m/nofp/libm.a(lib_a-cabs.o) (cimag)
/opt/gcc-arm-none-eabi-10-2020-q4-major/bin/../lib/gcc/arm-none-eabi/10.2.1/../../../../arm-none-eabi/lib/thumb/v6-m/nofp/libm.a(lib_a-creal.o)
                              /opt/gcc-arm-none-eabi-10-2020-q4-major/bin/../lib/gcc/arm-none-eabi/10.2.1/../../../../arm-none-eabi/lib/thumb/v6-m/nofp/libm.a(lib_a-cabs.o) (creal)
/opt/gcc-arm-none-eabi-10-2020-q4-major/bin/../lib/gcc/arm-none-eabi/10.2.1/thumb/v6-m/nofp/libgcc.a(_dvmd_tls.o)
                              CMakeFiles/PicoMite.dir/home/tom/PicoMite/pico-sdk/src/rp2_common/pico_divider/divider.S.obj (__aeabi_idiv0)
/opt/gcc-arm-none-eabi-10-2020-q4-major/bin/../lib/gcc/arm-none-eabi/10.2.1/thumb/v6-m/nofp/libgcc.a(_muldc3.o)
                              CMakeFiles/PicoMite.dir/MATHS.c.obj (__muldc3)
/opt/gcc-arm-none-eabi-10-2020-q4-major/bin/../lib/gcc/arm-none-eabi/10.2.1/thumb/v6-m/nofp/libgcc.a(_divdc3.o)
                              CMakeFiles/PicoMite.dir/MATHS.c.obj (__divdc3)
/opt/gcc-arm-none-eabi-10-2020-q4-major/bin/../lib/gcc/arm-none-eabi/10.2.1/../../../../arm-none-eabi/lib/thumb/v6-m/nofp/libc.a(lib_a-atof.o)
                              CMakeFiles/PicoMite.dir/Commands.c.obj (atof)
/opt/gcc-arm-none-eabi-10-2020-q4-major/bin/../lib/gcc/arm-none-eabi/10.2.1/../../../../arm-none-eabi/lib/thumb/v6-m/nofp/libc.a(lib_a-atoi.o)
                              CMakeFiles/PicoMite.dir/PicoMite.c.obj (atoi)
/opt/gcc-arm-none-eabi-10-2020-q4-major/bin/../lib/gcc/arm-none-eabi/10.2.1/../../../../arm-none-eabi/lib/thumb/v6-m/nofp/libc.a(lib_a-atol.o)
                              CMakeFiles/PicoMite.dir/GPS.c.obj (atol)
/opt/gcc-arm-none-eabi-10-2020-q4-major/bin/../lib/gcc/arm-none-eabi/10.2.1/../../../../arm-none-eabi/lib/thumb/v6-m/nofp/libc.a(lib_a-calloc.o)
                              CMakeFiles/PicoMite.dir/home/tom/PicoMite/pico-sdk/src/rp2_common/pico_malloc/pico_malloc.c.obj (calloc)
/opt/gcc-arm-none-eabi-10-2020-q4-major/bin/../lib/gcc/arm-none-eabi/10.2.1/../../../../arm-none-eabi/lib/thumb/v6-m/nofp/libc.a(lib_a-callocr.o)
                              /opt/gcc-arm-none-eabi-10-2020-q4-major/bin/../lib/gcc/arm-none-eabi/10.2.1/../../../../arm-none-eabi/lib/thumb/v6-m/nofp/libc.a(lib_a-calloc.o) (_calloc_r)
/opt/gcc-arm-none-eabi-10-2020-q4-major/bin/../lib/gcc/arm-none-eabi/10.2.1/../../../../arm-none-eabi/lib/thumb/v6-m/nofp/libc.a(lib_a-ctype_.o)
                              CMakeFiles/PicoMite.dir/PicoMite.c.obj (_ctype_)
/opt/gcc-arm-none-eabi-10-2020-q4-major/bin/../lib/gcc/arm-none-eabi/10.2.1/../../../../arm-none-eabi/lib/thumb/v6-m/nofp/libc.a(lib_a-errno.o)
                              CMakeFiles/PicoMite.dir/Operators.c.obj (__errno)
/opt/gcc-arm-none-eabi-10-2020-q4-major/bin/../lib/gcc/arm-none-eabi/10.2.1/../../../../arm-none-eabi/lib/thumb/v6-m/nofp/libc.a(lib_a-fflush.o)
                              CMakeFiles/PicoMite.dir/PicoMite.c.obj (fflush)
/opt/gcc-arm-none-eabi-10-2020-q4-major/bin/../lib/gcc/arm-none-eabi/10.2.1/../../../../arm-none-eabi/lib/thumb/v6-m/nofp/libc.a(lib_a-findfp.o)
                              /opt/gcc-arm-none-eabi-10-2020-q4-major/bin/../lib/gcc/arm-none-eabi/10.2.1/../../../../arm-none-eabi/lib/thumb/v6-m/nofp/libc.a(lib_a-fflush.o) (__sinit)
/opt/gcc-arm-none-eabi-10-2020-q4-major/bin/../lib/gcc/arm-none-eabi/10.2.1/../../../../arm-none-eabi/lib/thumb/v6-m/nofp/libc.a(lib_a-freer.o)
                              /opt/gcc-arm-none-eabi-10-2020-q4-major/bin/../lib/gcc/arm-none-eabi/10.2.1/../../../../arm-none-eabi/lib/thumb/v6-m/nofp/libc.a(lib_a-fflush.o) (_free_r)
/opt/gcc-arm-none-eabi-10-2020-q4-major/bin/../lib/gcc/arm-none-eabi/10.2.1/../../../../arm-none-eabi/lib/thumb/v6-m/nofp/libc.a(lib_a-fwalk.o)
                              /opt/gcc-arm-none-eabi-10-2020-q4-major/bin/../lib/gcc/arm-none-eabi/10.2.1/../../../../arm-none-eabi/lib/thumb/v6-m/nofp/libc.a(lib_a-findfp.o) (_fwalk)
/opt/gcc-arm-none-eabi-10-2020-q4-major/bin/../lib/gcc/arm-none-eabi/10.2.1/../../../../arm-none-eabi/lib/thumb/v6-m/nofp/libc.a(lib_a-impure.o)
[...]
Memory Configuration

Name             Origin             Length             Attributes
FLASH            0x0000000010000000 0x0000000000200000 xr
RAM              0x0000000020000000 0x0000000000040000 xrw
SCRATCH_X        0x0000000020040000 0x0000000000001000 xrw
SCRATCH_Y        0x0000000020041000 0x0000000000001000 xrw
*default*        0x0000000000000000 0xffffffffffffffff

Linker script and memory map

LOAD /opt/gcc-arm-none-eabi-10-2020-q4-major/bin/../lib/gcc/arm-none-eabi/10.2.1/thumb/v6-m/nofp/crti.o
LOAD /opt/gcc-arm-none-eabi-10-2020-q4-major/bin/../lib/gcc/arm-none-eabi/10.2.1/thumb/v6-m/nofp/crtbegin.o
LOAD /opt/gcc-arm-none-eabi-10-2020-q4-major/bin/../lib/gcc/arm-none-eabi/10.2.1/../../../../arm-none-eabi/lib/thumb/v6-m/nofp/crt0.o

.flash_begin    0x0000000010000000        0x0
                0x0000000010000000                __flash_binary_start = .

.boot2          0x0000000010000000      0x100
                0x0000000010000000                __boot2_start__ = .
 *(.boot2)
 .boot2         0x0000000010000000      0x100 /tmp/ccNl5bEo.o
                0x0000000010000100                __boot2_end__ = .
                0x0000000000000001                ASSERT (((__boot2_end__ - __boot2_start__) == 0x100), ERROR: Pico second stage bootloader must be 256 bytes in size)

.text           0x0000000010000100    0x5dd98
                0x0000000010000100                __logical_binary_start = .
 *(.vectors)
 .vectors       0x0000000010000100       0xd4 CMakeFiles/PicoMite.dir/home/tom/PicoMite/pico-sdk/src/rp2_common/pico_standard_link/crt0.S.obj
                0x0000000010000100                __vectors
                0x0000000010000100                __VECTOR_TABLE
                0x00000000100001c0                isr_invalid
                0x00000000100001c0                __default_isrs_start
                0x00000000100001c2                isr_nmi
                0x00000000100001c4                isr_hardfault
                0x00000000100001c6                isr_svcall
                0x00000000100001c8                isr_pendsv
                0x00000000100001ca                isr_systick
                0x00000000100001cc                isr_irq30
                0x00000000100001cc                __unhandled_user_irq
                0x00000000100001cc                isr_irq13
                0x00000000100001cc                isr_irq27
                0x00000000100001cc                isr_irq31
                0x00000000100001cc                isr_irq5
                0x00000000100001cc                isr_irq11
                0x00000000100001cc                isr_irq23
                0x00000000100001cc                isr_irq18
                0x00000000100001cc                isr_irq28
                0x00000000100001cc                isr_irq19
                0x00000000100001cc                isr_irq0
                0x00000000100001cc                isr_irq6
                0x00000000100001cc                isr_irq22
                0x00000000100001cc                isr_irq17
                0x00000000100001cc                isr_irq14
                0x00000000100001cc                isr_irq2
                0x00000000100001cc                isr_irq10
                0x00000000100001cc                isr_irq8
                0x00000000100001cc                isr_irq24
                0x00000000100001cc                isr_irq1
                0x00000000100001cc                isr_irq7
                0x00000000100001cc                isr_irq21
                0x00000000100001cc                isr_irq20
                0x00000000100001cc                isr_irq15
                0x00000000100001cc                isr_irq25
                0x00000000100001cc                isr_irq4
                0x00000000100001cc                isr_irq16
                0x00000000100001cc                isr_irq29
                0x00000000100001cc                isr_irq26
                0x00000000100001cc                __default_isrs_end
                0x00000000100001cc                isr_irq3
                0x00000000100001cc                isr_irq12
                0x00000000100001cc                isr_irq9
                0x00000000100001d2                unhandled_user_irq_num_in_r0
 *(.binary_info_header)
 .binary_info_header
                0x00000000100001d4       0x14 CMakeFiles/PicoMite.dir/home/tom/PicoMite/pico-sdk/src/rp2_common/pico_standard_link/crt0.S.obj
                0x00000000100001e8                __binary_info_header_end = .
 *(.reset)
 .reset         0x00000000100001e8       0xa8 CMakeFiles/PicoMite.dir/home/tom/PicoMite/pico-sdk/src/rp2_common/pico_standard_link/crt0.S.obj
                0x00000000100001e8                _entry_point
                0x0000000010000266                __get_current_exception
 .reset         0x0000000010000290       0x30 CMakeFiles/PicoMite.dir/home/tom/PicoMite/pico-sdk/src/rp2_common/pico_standard_link/binary_info.c.obj
 *(.init)
 .init          0x00000000100002c0        0x4 /opt/gcc-arm-none-eabi-10-2020-q4-major/bin/../lib/gcc/arm-none-eabi/10.2.1/thumb/v6-m/nofp/crti.o
                0x00000000100002c0                _init
 *(EXCLUDE_FILE(*libm.a: *libc.a:*lib_a-mem*.o *libgcc.a:) .text*)
 .text          0x00000000100002c4       0x48 /opt/gcc-arm-none-eabi-10-2020-q4-major/bin/../lib/gcc/arm-none-eabi/10.2.1/thumb/v6-m/nofp/crtbegin.o
 .text          0x000000001000030c       0xbc CMakeFiles/PicoMite.dir/PicoMite.c.obj
                0x000000001000030c                CallTable
 .text.PinReadFunc
                0x00000000100003c8       0x1c CMakeFiles/PicoMite.dir/PicoMite.c.obj
 .text.IntToFloat
                0x00000000100003e4        0x8 CMakeFiles/PicoMite.dir/PicoMite.c.obj
                0x00000000100003e4                IntToFloat
 .text.FMul     0x00000000100003ec        0x8 CMakeFiles/PicoMite.dir/PicoMite.c.obj
                0x00000000100003ec                FMul
 .text.FAdd     0x00000000100003f4        0x8 CMakeFiles/PicoMite.dir/PicoMite.c.obj
                0x00000000100003f4                FAdd
 .text.FSub     0x00000000100003fc        0x8 CMakeFiles/PicoMite.dir/PicoMite.c.obj
                0x00000000100003fc                FSub
 .text.FDiv     0x0000000010000404        0x8 CMakeFiles/PicoMite.dir/PicoMite.c.obj
                0x0000000010000404                FDiv
 .text.FCmp     0x000000001000040c       0x2c CMakeFiles/PicoMite.dir/PicoMite.c.obj
                0x000000001000040c                FCmp
 .text.LoadFloat
                0x0000000010000438        0x4 CMakeFiles/PicoMite.dir/PicoMite.c.obj
                0x0000000010000438                LoadFloat
 .text.MMputchar.constprop.0.isra.0
                0x000000001000043c       0xf4 CMakeFiles/PicoMite.dir/PicoMite.c.obj
 .text.MMPrintString
                0x0000000010000530      0x134 CMakeFiles/PicoMite.dir/PicoMite.c.obj
                0x0000000010000530                MMPrintString
 .text.sigbus   0x0000000010000664      0x130 CMakeFiles/PicoMite.dir/PicoMite.c.obj
                0x0000000010000664                sigbus
 .text.putConsole
                0x0000000010000794      0x10c CMakeFiles/PicoMite.dir/PicoMite.c.obj
                0x0000000010000794                putConsole
 .text.getConsole
                0x00000000100008a0       0x78 CMakeFiles/PicoMite.dir/PicoMite.c.obj
                0x00000000100008a0                getConsole
 .text.MMInkey.part.0
                0x0000000010000918      0x324 CMakeFiles/PicoMite.dir/PicoMite.c.obj
 .text.MMputchar
                0x0000000010000c3c      0x10c CMakeFiles/PicoMite.dir/PicoMite.c.obj
                0x0000000010000c3c                MMputchar
 .text.kbhitConsole
                0x0000000010000d48       0x1c CMakeFiles/PicoMite.dir/PicoMite.c.obj
                0x0000000010000d48                kbhitConsole
 .text.MMInkey  0x0000000010000d64       0xb4 CMakeFiles/PicoMite.dir/PicoMite.c.obj
                0x0000000010000d64                MMInkey
 .text.MMgetline
                0x0000000010000e18      0x23c CMakeFiles/PicoMite.dir/PicoMite.c.obj
                0x0000000010000e18                MMgetline
 .text.InsertLastcmd
                0x0000000010001054       0x6c CMakeFiles/PicoMite.dir/PicoMite.c.obj
                0x0000000010001054                InsertLastcmd
 .text.EditInputLine
                0x00000000100010c0      0x604 CMakeFiles/PicoMite.dir/PicoMite.c.obj
                0x00000000100010c0                EditInputLine
 .text.MMgetchar
                0x00000000100016c4       0xb8 CMakeFiles/PicoMite.dir/PicoMite.c.obj
                0x00000000100016c4                MMgetchar
 .text.mT4IntEnable
                0x000000001000177c       0x14 CMakeFiles/PicoMite.dir/PicoMite.c.obj
                0x000000001000177c                mT4IntEnable
 .text.PRet     0x0000000010001790      0x12c CMakeFiles/PicoMite.dir/PicoMite.c.obj
                0x0000000010001790                PRet
 .text.PInt     0x00000000100018bc      0x148 CMakeFiles/PicoMite.dir/PicoMite.c.obj
                0x00000000100018bc                PInt
 .text.PIntComma
                0x0000000010001a04       0x7c CMakeFiles/PicoMite.dir/PicoMite.c.obj
                0x0000000010001a04                PIntComma
 .text.PFlt     0x0000000010001a80      0x14c CMakeFiles/PicoMite.dir/PicoMite.c.obj
                0x0000000010001a80                PFlt
 .text.PFltComma
                0x0000000010001bcc       0x80 CMakeFiles/PicoMite.dir/PicoMite.c.obj
                0x0000000010001bcc                PFltComma
 .text.startup.main
                0x0000000010001c4c      0x5ec CMakeFiles/PicoMite.dir/PicoMite.c.obj
                0x0000000010001c4c                main
 .text.MemWriteWord
                0x0000000010002238      0x144 CMakeFiles/PicoMite.dir/PicoMite.c.obj
                0x0000000010002238                MemWriteWord
 .text.MemWriteAlign
                0x000000001000237c      0x1a0 CMakeFiles/PicoMite.dir/PicoMite.c.obj
                0x000000001000237c                MemWriteAlign
 .text.SaveProgramToMemory
                0x000000001000251c     0x10d4 CMakeFiles/PicoMite.dir/PicoMite.c.obj
                0x000000001000251c                SaveProgramToMemory
 .text.str_replace
                0x00000000100035f0       0xc8 CMakeFiles/PicoMite.dir/MMBasic.c.obj
                0x00000000100035f0                str_replace
 .text.STR_REPLACE
                0x00000000100036b8       0x90 CMakeFiles/PicoMite.dir/MMBasic.c.obj
                0x00000000100036b8                STR_REPLACE
 .text.CountLines
                0x0000000010003748       0x4c CMakeFiles/PicoMite.dir/MMBasic.c.obj
                0x0000000010003748                CountLines
 .text.IntToStr
                0x0000000010003794       0xbc CMakeFiles/PicoMite.dir/MMBasic.c.obj
                0x0000000010003794                IntToStr
 .text.error    0x0000000010003850      0x290 CMakeFiles/PicoMite.dir/MMBasic.c.obj
                0x0000000010003850                error
 .text.findline
                0x0000000010003ae0       0xa8 CMakeFiles/PicoMite.dir/MMBasic.c.obj
                0x0000000010003ae0                findline
 .text.PrepareProgramExt
                0x0000000010003b88      0x190 CMakeFiles/PicoMite.dir/MMBasic.c.obj
                0x0000000010003b88                PrepareProgramExt
 .text.PrepareProgram
                0x0000000010003d18      0x138 CMakeFiles/PicoMite.dir/MMBasic.c.obj
                0x0000000010003d18                PrepareProgram
 .text.IntToStrPad
                0x0000000010003e50      0x188 CMakeFiles/PicoMite.dir/MMBasic.c.obj
                0x0000000010003e50                IntToStrPad
 .text.FloatToStr
                0x0000000010003fd8      0x30c CMakeFiles/PicoMite.dir/MMBasic.c.obj
                0x0000000010003fd8                FloatToStr
 .text.ClearRuntime
                0x00000000100042e4      0x140 CMakeFiles/PicoMite.dir/MMBasic.c.obj
                0x00000000100042e4                ClearRuntime
 .text.InitBasic
                0x0000000010004424      0x9c8 CMakeFiles/PicoMite.dir/MMBasic.c.obj
                0x0000000010004424                InitBasic
 .text.ClearProgram
                0x0000000010004dec       0x68 CMakeFiles/PicoMite.dir/MMBasic.c.obj
                0x0000000010004dec                ClearProgram
 .text.GetCommandValue
                0x0000000010004e54       0x70 CMakeFiles/PicoMite.dir/MMBasic.c.obj
                0x0000000010004e54                GetCommandValue
 .text.GetTokenValue
                0x0000000010004ec4       0x70 CMakeFiles/PicoMite.dir/MMBasic.c.obj
                0x0000000010004ec4                GetTokenValue
 .text.tokenise
                0x0000000010004f34      0xa7c CMakeFiles/PicoMite.dir/MMBasic.c.obj
                0x0000000010004f34                tokenise
 .text.pio_add_program
                0x00000000100059b0      0x11c CMakeFiles/PicoMite.dir/Custom.c.obj
                0x00000000100059b0                pio_add_program
 .text.pio_sm_init
                0x0000000010005acc       0x90 CMakeFiles/PicoMite.dir/Custom.c.obj
                0x0000000010005acc                pio_sm_init
 .text.cmd_pio  0x0000000010005b5c      0x858 CMakeFiles/PicoMite.dir/Custom.c.obj
                0x0000000010005b5c                cmd_pio
 .text.fun_pio  0x00000000100063b4      0x43c CMakeFiles/PicoMite.dir/Custom.c.obj
                0x00000000100063b4                fun_pio
 .text.do_max_min.constprop.0
                0x00000000100067f0       0xb0 CMakeFiles/PicoMite.dir/Functions.c.obj
 .text.do_max_min.constprop.1
                0x00000000100068a0       0xb0 CMakeFiles/PicoMite.dir/Functions.c.obj
 .text.fun_bound
                0x0000000010006950       0xb0 CMakeFiles/PicoMite.dir/Functions.c.obj
                0x0000000010006950                fun_bound
 .text.fun_call
                0x0000000010006a00      0x104 CMakeFiles/PicoMite.dir/Functions.c.obj
                0x0000000010006a00                fun_call
 .text.fun_field
                0x0000000010006b04      0x204 CMakeFiles/PicoMite.dir/Functions.c.obj
                0x0000000010006b04                fun_field
 .text.fun_str2bin
                0x0000000010006d08      0x2e0 CMakeFiles/PicoMite.dir/Functions.c.obj
                0x0000000010006d08                fun_str2bin
 .text.fun_bin2str
                0x0000000010006fe8      0x380 CMakeFiles/PicoMite.dir/Functions.c.obj
                0x0000000010006fe8                fun_bin2str
 .text.fun_abs  0x0000000010007368       0x64 CMakeFiles/PicoMite.dir/Functions.c.obj
                0x0000000010007368                fun_abs
 .text.fun_asc  0x00000000100073cc       0x34 CMakeFiles/PicoMite.dir/Functions.c.obj
                0x00000000100073cc                fun_asc
 .text.fun_atn  0x0000000010007400       0x28 CMakeFiles/PicoMite.dir/Functions.c.obj
                0x0000000010007400                fun_atn
 .text.fun_atan2
                0x0000000010007428       0x64 CMakeFiles/PicoMite.dir/Functions.c.obj
                0x0000000010007428                fun_atan2
 .text.fun_chr  0x000000001000748c       0x44 CMakeFiles/PicoMite.dir/Functions.c.obj
                0x000000001000748c                fun_chr
 .text.fun_cint
                0x00000000100074d0       0x24 CMakeFiles/PicoMite.dir/Functions.c.obj
                0x00000000100074d0                fun_cint
 .text.fun_cos  0x00000000100074f4       0x28 CMakeFiles/PicoMite.dir/Functions.c.obj
                0x00000000100074f4                fun_cos
 .text.fun_deg  0x000000001000751c       0x34 CMakeFiles/PicoMite.dir/Functions.c.obj
                0x000000001000751c                fun_deg
 .text.fun_exp  0x0000000010007550       0x28 CMakeFiles/PicoMite.dir/Functions.c.obj
                0x0000000010007550                fun_exp
 .text.DoHexOctBin
                0x0000000010007578       0x8c CMakeFiles/PicoMite.dir/Functions.c.obj
                0x0000000010007578                DoHexOctBin
 .text.fun_hex  0x0000000010007604        0xc CMakeFiles/PicoMite.dir/Functions.c.obj
                0x0000000010007604                fun_hex
 .text.fun_oct  0x0000000010007610        0xc CMakeFiles/PicoMite.dir/Functions.c.obj
                0x0000000010007610                fun_oct
 .text.fun_bin  0x000000001000761c        0xc CMakeFiles/PicoMite.dir/Functions.c.obj
                0x000000001000761c                fun_bin
 .text.fun_instr
                0x0000000010007628       0xdc CMakeFiles/PicoMite.dir/Functions.c.obj
                0x0000000010007628                fun_instr
 .text.fun_int  0x0000000010007704       0x2c CMakeFiles/PicoMite.dir/Functions.c.obj
                0x0000000010007704                fun_int
 .text.fun_fix  0x0000000010007730       0x28 CMakeFiles/PicoMite.dir/Functions.c.obj
                0x0000000010007730                fun_fix
 .text.fun_left
                0x0000000010007758       0x78 CMakeFiles/PicoMite.dir/Functions.c.obj
                0x0000000010007758                fun_left
 .text.fun_right
                0x00000000100077d0       0xe8 CMakeFiles/PicoMite.dir/Functions.c.obj
                0x00000000100077d0                fun_right
 .text.fun_len  0x00000000100078b8       0x28 CMakeFiles/PicoMite.dir/Functions.c.obj
                0x00000000100078b8                fun_len
 .text.fun_log  0x00000000100078e0       0x74 CMakeFiles/PicoMite.dir/Functions.c.obj
                0x00000000100078e0                fun_log
 .text.fun_mid  0x0000000010007954      0x16c CMakeFiles/PicoMite.dir/Functions.c.obj
                0x0000000010007954                fun_mid
 .text.fun_pi   0x0000000010007ac0       0x24 CMakeFiles/PicoMite.dir/Functions.c.obj
                0x0000000010007ac0                fun_pi
 .text.fun_rad  0x0000000010007ae4       0x34 CMakeFiles/PicoMite.dir/Functions.c.obj
                0x0000000010007ae4                fun_rad
 .text.fun_rnd  0x0000000010007b18       0x30 CMakeFiles/PicoMite.dir/Functions.c.obj
                0x0000000010007b18                fun_rnd
 .text.fun_sgn  0x0000000010007b48       0x60 CMakeFiles/PicoMite.dir/Functions.c.obj
                0x0000000010007b48                fun_sgn
 .text.fun_sin  0x0000000010007ba8       0x28 CMakeFiles/PicoMite.dir/Functions.c.obj
                0x0000000010007ba8                fun_sin
 .text.fun_sqr  0x0000000010007bd0       0x48 CMakeFiles/PicoMite.dir/Functions.c.obj
                0x0000000010007bd0                fun_sqr
 .text.fun_tan  0x0000000010007c18       0x28 CMakeFiles/PicoMite.dir/Functions.c.obj
                0x0000000010007c18                fun_tan
 .text.fun_val  0x0000000010007c40      0x144 CMakeFiles/PicoMite.dir/Functions.c.obj
                0x0000000010007c40                fun_val
 .text.fun_eval
                0x0000000010007d84       0xa8 CMakeFiles/PicoMite.dir/Functions.c.obj
                0x0000000010007d84                fun_eval
 .text.fun_errno
                0x0000000010007e2c       0x20 CMakeFiles/PicoMite.dir/Functions.c.obj
                0x0000000010007e2c                fun_errno
 .text.fun_errmsg
                0x0000000010007e4c       0x30 CMakeFiles/PicoMite.dir/Functions.c.obj
                0x0000000010007e4c                fun_errmsg
 .text.fun_space
                0x0000000010007e7c       0x4c CMakeFiles/PicoMite.dir/Functions.c.obj
                0x0000000010007e7c                fun_space
 .text.fun_str  0x0000000010007ec8      0x194 CMakeFiles/PicoMite.dir/Functions.c.obj
                0x0000000010007ec8                fun_str
 .text.fun_string
                0x000000001000805c       0xc0 CMakeFiles/PicoMite.dir/Functions.c.obj
                0x000000001000805c                fun_string
 .text.fun_ucase
                0x000000001000811c       0x68 CMakeFiles/PicoMite.dir/Functions.c.obj
                0x000000001000811c                fun_ucase
 .text.fun_lcase
                0x0000000010008184       0x68 CMakeFiles/PicoMite.dir/Functions.c.obj
                0x0000000010008184                fun_lcase
 .text.fun_version
                0x00000000100081ec       0xb4 CMakeFiles/PicoMite.dir/Functions.c.obj
                0x00000000100081ec                fun_version
 .text.fun_pos  0x00000000100082a0       0x20 CMakeFiles/PicoMite.dir/Functions.c.obj
                0x00000000100082a0                fun_pos
 .text.fun_tab  0x00000000100082c0       0x70 CMakeFiles/PicoMite.dir/Functions.c.obj
                0x00000000100082c0                fun_tab
 .text.fun_inkey
                0x0000000010008330       0x30 CMakeFiles/PicoMite.dir/Functions.c.obj
                0x0000000010008330                fun_inkey
 .text.fun_asin
                0x0000000010008360       0xd8 CMakeFiles/PicoMite.dir/Functions.c.obj
                0x0000000010008360                fun_asin
 .text.fun_acos
                0x0000000010008438       0xe4 CMakeFiles/PicoMite.dir/Functions.c.obj
                0x0000000010008438                fun_acos
 .text.fun_max  0x000000001000851c        0x8 CMakeFiles/PicoMite.dir/Functions.c.obj
                0x000000001000851c                fun_max
 .text.fun_min  0x0000000010008524        0x8 CMakeFiles/PicoMite.dir/Functions.c.obj
                0x0000000010008524                fun_min
 .text.fun_ternary
                0x000000001000852c       0xd4 CMakeFiles/PicoMite.dir/Functions.c.obj
                0x000000001000852c                fun_ternary
 .text.cmd_null
                0x0000000010008600        0x4 CMakeFiles/PicoMite.dir/Commands.c.obj
                0x0000000010008600                cmd_null
 .text.cmd_inc  0x0000000010008604      0x144 CMakeFiles/PicoMite.dir/Commands.c.obj
                0x0000000010008604                cmd_inc
 .text.cmd_print
                0x0000000010008748      0x2d8 CMakeFiles/PicoMite.dir/Commands.c.obj
                0x0000000010008748                cmd_print
 .text.sortStrings
                0x0000000010008a20       0xe4 CMakeFiles/PicoMite.dir/Commands.c.obj
                0x0000000010008a20                sortStrings
 .text.ListFile
                0x0000000010008b04      0x104 CMakeFiles/PicoMite.dir/Commands.c.obj
                0x0000000010008b04                ListFile
 .text.cmd_run  0x0000000010008c08       0x68 CMakeFiles/PicoMite.dir/Commands.c.obj
                0x0000000010008c08                cmd_run
 .text.cmd_continue
                0x0000000010008c70       0xc4 CMakeFiles/PicoMite.dir/Commands.c.obj
                0x0000000010008c70                cmd_continue
 .text.cmd_new  0x0000000010008d34       0x5c CMakeFiles/PicoMite.dir/Commands.c.obj
                0x0000000010008d34                cmd_new
 .text.cmd_erase
                0x0000000010008d90      0x1d0 CMakeFiles/PicoMite.dir/Commands.c.obj
                0x0000000010008d90                cmd_erase
 .text.cmd_clear
                0x0000000010008f60       0x30 CMakeFiles/PicoMite.dir/Commands.c.obj
                0x0000000010008f60                cmd_clear
 .text.cmd_goto
                0x0000000010008f90       0x3c CMakeFiles/PicoMite.dir/Commands.c.obj
                0x0000000010008f90                cmd_goto
 .text.cmd_end  0x0000000010008fcc       0x2c CMakeFiles/PicoMite.dir/Commands.c.obj
                0x0000000010008fcc                cmd_end
 .text.cmd_select
                0x0000000010008ff8      0x3d4 CMakeFiles/PicoMite.dir/Commands.c.obj
                0x0000000010008ff8                cmd_select
 .text.cmd_case
                0x00000000100093cc       0x5c CMakeFiles/PicoMite.dir/Commands.c.obj
                0x00000000100093cc                cmd_case
 .text.cmd_input
                0x0000000010009428      0x238 CMakeFiles/PicoMite.dir/Commands.c.obj
                0x0000000010009428                cmd_input
 .text.cmd_trace
                0x0000000010009660      0x120 CMakeFiles/PicoMite.dir/Commands.c.obj
                0x0000000010009660                cmd_trace
 .text.cmd_exitfor
                0x0000000010009780       0x58 CMakeFiles/PicoMite.dir/Commands.c.obj
                0x0000000010009780                cmd_exitfor
 .text.cmd_exit
                0x00000000100097d8       0x58 CMakeFiles/PicoMite.dir/Commands.c.obj
                0x00000000100097d8                cmd_exit
 .text.cmd_error
                0x0000000010009830       0x34 CMakeFiles/PicoMite.dir/Commands.c.obj
                0x0000000010009830                cmd_error
 .text.cmd_randomize
                0x0000000010009864       0x54 CMakeFiles/PicoMite.dir/Commands.c.obj
                0x0000000010009864                cmd_randomize
 .text.cmd_subfun
                0x00000000100098b8       0xb4 CMakeFiles/PicoMite.dir/Commands.c.obj
                0x00000000100098b8                cmd_subfun
 .text.cmd_gosub
                0x000000001000996c       0x80 CMakeFiles/PicoMite.dir/Commands.c.obj
                0x000000001000996c                cmd_gosub
 .text.cmd_mid  0x00000000100099ec      0x188 CMakeFiles/PicoMite.dir/Commands.c.obj
                0x00000000100099ec                cmd_mid
 .text.cmd_endfun
                0x0000000010009b74       0x44 CMakeFiles/PicoMite.dir/Commands.c.obj
                0x0000000010009b74                cmd_endfun
 .text.cmd_read
                0x0000000010009bb8      0x584 CMakeFiles/PicoMite.dir/Commands.c.obj
                0x0000000010009bb8                cmd_read
 .text.cmd_call
                0x000000001000a13c       0x74 CMakeFiles/PicoMite.dir/Commands.c.obj
                0x000000001000a13c                cmd_call
 .text.cmd_restore
                0x000000001000a1b0      0x110 CMakeFiles/PicoMite.dir/Commands.c.obj
                0x000000001000a1b0                cmd_restore
 .text.cmd_lineinput
                0x000000001000a2c0      0x13c CMakeFiles/PicoMite.dir/Commands.c.obj
                0x000000001000a2c0                cmd_lineinput
 .text.cmd_on   0x000000001000a3fc      0x288 CMakeFiles/PicoMite.dir/Commands.c.obj
                0x000000001000a3fc                cmd_on
 .text.CheckIfTypeSpecified
                0x000000001000a684       0x68 CMakeFiles/PicoMite.dir/Commands.c.obj
                0x000000001000a684                CheckIfTypeSpecified
 .text.SetValue
                0x000000001000a6ec       0xe0 CMakeFiles/PicoMite.dir/Commands.c.obj
                0x000000001000a6ec                SetValue
 .text.cmd_dim  0x000000001000a7cc      0x5a0 CMakeFiles/PicoMite.dir/Commands.c.obj
                0x000000001000a7cc                cmd_dim
 .text.cmd_const
                0x000000001000ad6c      0x180 CMakeFiles/PicoMite.dir/Commands.c.obj
                0x000000001000ad6c                cmd_const
 .text.strCopyWithCase
                0x000000001000aeec       0xb4 CMakeFiles/PicoMite.dir/Commands.c.obj
                0x000000001000aeec                strCopyWithCase
 .text.llist    0x000000001000afa0      0x250 CMakeFiles/PicoMite.dir/Commands.c.obj
                0x000000001000afa0                llist
 .text.ListProgram
                0x000000001000b1f0      0x178 CMakeFiles/PicoMite.dir/Commands.c.obj
                0x000000001000b1f0                ListProgram
 .text.cmd_list
                0x000000001000b368      0x3b0 CMakeFiles/PicoMite.dir/Commands.c.obj
                0x000000001000b368                cmd_list
 .text.execute_one_command
                0x000000001000b718      0x124 CMakeFiles/PicoMite.dir/Commands.c.obj
                0x000000001000b718                execute_one_command
 .text.cmd_memory
                0x000000001000b83c      0xe50 CMakeFiles/PicoMite.dir/Memory.c.obj
                0x000000001000b83c                cmd_memory
 .text.m_alloc  0x000000001000c68c       0xc0 CMakeFiles/PicoMite.dir/Memory.c.obj
                0x000000001000c68c                m_alloc
 .text.TestStackOverflow
                0x000000001000c74c        0x4 CMakeFiles/PicoMite.dir/Memory.c.obj
                0x000000001000c74c                TestStackOverflow
 .text.InitHeap
                0x000000001000c750       0x24 CMakeFiles/PicoMite.dir/Memory.c.obj
                0x000000001000c750                InitHeap
 .text.GetMemory
                0x000000001000c774      0x11c CMakeFiles/PicoMite.dir/Memory.c.obj
                0x000000001000c774                GetMemory
 .text.GetTempMemory
                0x000000001000c890       0x54 CMakeFiles/PicoMite.dir/Memory.c.obj
                0x000000001000c890                GetTempMemory
 .text.ReAllocMemory
                0x000000001000c8e4      0x120 CMakeFiles/PicoMite.dir/Memory.c.obj
                0x000000001000c8e4                ReAllocMemory
 .text.FreeMemorySafe
                0x000000001000ca04       0x84 CMakeFiles/PicoMite.dir/Memory.c.obj
                0x000000001000ca04                FreeMemorySafe
 .text.BasicFileOpen.part.0
                0x000000001000ca88      0x1d0 CMakeFiles/PicoMite.dir/FileIo.c.obj
 .text.disable_interrupts
                0x000000001000cc58       0x30 CMakeFiles/PicoMite.dir/FileIo.c.obj
                0x000000001000cc58                disable_interrupts
 .text.enable_interrupts
                0x000000001000cc88       0x28 CMakeFiles/PicoMite.dir/FileIo.c.obj
                0x000000001000cc88                enable_interrupts
 .text.ErrorCheck
                0x000000001000ccb0       0xac CMakeFiles/PicoMite.dir/FileIo.c.obj
                0x000000001000ccb0                ErrorCheck
 .text.FileClose
                0x000000001000cd5c       0x98 CMakeFiles/PicoMite.dir/FileIo.c.obj
                0x000000001000cd5c                FileClose
 .text.ForceFileClose
                0x000000001000cdf4       0x5c CMakeFiles/PicoMite.dir/FileIo.c.obj
                0x000000001000cdf4                ForceFileClose
 .text.FindFreeFileNbr
                0x000000001000ce50       0x78 CMakeFiles/PicoMite.dir/FileIo.c.obj
                0x000000001000ce50                FindFreeFileNbr
 .text.CloseAllFiles
                0x000000001000cec8       0x88 CMakeFiles/PicoMite.dir/FileIo.c.obj
                0x000000001000cec8                CloseAllFiles
 .text.InitSDCard
                0x000000001000cf50      0x174 CMakeFiles/PicoMite.dir/FileIo.c.obj
                0x000000001000cf50                InitSDCard
 .text.GetCWD   0x000000001000d0c4       0x7c CMakeFiles/PicoMite.dir/FileIo.c.obj
                0x000000001000d0c4                GetCWD
 .text.fun_dir  0x000000001000d140      0x264 CMakeFiles/PicoMite.dir/FileIo.c.obj
                0x000000001000d140                fun_dir
 .text.cmd_mkdir
                0x000000001000d3a4       0x94 CMakeFiles/PicoMite.dir/FileIo.c.obj
                0x000000001000d3a4                cmd_mkdir
 .text.cmd_rmdir
                0x000000001000d438       0x94 CMakeFiles/PicoMite.dir/FileIo.c.obj
                0x000000001000d438                cmd_rmdir
 .text.cmd_chdir
                0x000000001000d4cc       0x94 CMakeFiles/PicoMite.dir/FileIo.c.obj
                0x000000001000d4cc                cmd_chdir
 .text.cmd_kill
                0x000000001000d560       0x94 CMakeFiles/PicoMite.dir/FileIo.c.obj
                0x000000001000d560                cmd_kill
 .text.cmd_seek
                0x000000001000d5f4      0x118 CMakeFiles/PicoMite.dir/FileIo.c.obj
                0x000000001000d5f4                cmd_seek
 .text.cmd_name
                0x000000001000d70c       0xf0 CMakeFiles/PicoMite.dir/FileIo.c.obj
                0x000000001000d70c                cmd_name
 .text.FileEOF  0x000000001000d7fc       0x3c CMakeFiles/PicoMite.dir/FileIo.c.obj
                0x000000001000d7fc                FileEOF
 .text.fun_cwd  0x000000001000d838       0x90 CMakeFiles/PicoMite.dir/FileIo.c.obj
                0x000000001000d838                fun_cwd
 .text.MMfeof   0x000000001000d8c8       0x7c CMakeFiles/PicoMite.dir/FileIo.c.obj
                0x000000001000d8c8                MMfeof
 .text.MMfputs  0x000000001000d944      0x1a0 CMakeFiles/PicoMite.dir/FileIo.c.obj
                0x000000001000d944                MMfputs
 .text.FileLoadProgram.part.0
                0x000000001000dae4      0x2e0 CMakeFiles/PicoMite.dir/FileIo.c.obj
 .text.FileLoadProgram
                0x000000001000ddc4       0x14 CMakeFiles/PicoMite.dir/FileIo.c.obj
                0x000000001000ddc4                FileLoadProgram
 .text.LoadImage
                0x000000001000ddd8      0x200 CMakeFiles/PicoMite.dir/FileIo.c.obj
                0x000000001000ddd8                LoadImage
 .text.cmd_load
                0x000000001000dfd8       0xe4 CMakeFiles/PicoMite.dir/FileIo.c.obj
                0x000000001000dfd8                cmd_load
 .text.cmd_save
                0x000000001000e0bc      0x5bc CMakeFiles/PicoMite.dir/FileIo.c.obj
                0x000000001000e0bc                cmd_save
 .text.BasicFileOpen
                0x000000001000e678       0x48 CMakeFiles/PicoMite.dir/FileIo.c.obj
                0x000000001000e678                BasicFileOpen
 .text.cmd_copy
                0x000000001000e6c0      0x4e0 CMakeFiles/PicoMite.dir/FileIo.c.obj
                0x000000001000e6c0                cmd_copy
 .text.cmd_files
                0x000000001000eba0      0x3a0 CMakeFiles/PicoMite.dir/FileIo.c.obj
                0x000000001000eba0                cmd_files
 .text.CrunchData
                0x000000001000ef40       0xa4 CMakeFiles/PicoMite.dir/FileIo.c.obj
                0x000000001000ef40                CrunchData
 .text.cmd_autosave
                0x000000001000efe4      0x1fc CMakeFiles/PicoMite.dir/FileIo.c.obj
                0x000000001000efe4                cmd_autosave
 .text.FileOpen
                0x000000001000f1e0       0xb0 CMakeFiles/PicoMite.dir/FileIo.c.obj
                0x000000001000f1e0                FileOpen
 .text.cmd_open
                0x000000001000f290      0x2d4 CMakeFiles/PicoMite.dir/FileIo.c.obj
                0x000000001000f290                cmd_open
 .text.fun_inputstr
                0x000000001000f564      0x150 CMakeFiles/PicoMite.dir/FileIo.c.obj
                0x000000001000f564                fun_inputstr
 .text.fun_eof  0x000000001000f6b4       0xd8 CMakeFiles/PicoMite.dir/FileIo.c.obj
                0x000000001000f6b4                fun_eof
 .text.fun_loc  0x000000001000f78c       0xc0 CMakeFiles/PicoMite.dir/FileIo.c.obj
                0x000000001000f78c                fun_loc
 .text.fun_lof  0x000000001000f84c       0xc0 CMakeFiles/PicoMite.dir/FileIo.c.obj
                0x000000001000f84c                fun_lof
 .text.cmd_close
                0x000000001000f90c      0x28c CMakeFiles/PicoMite.dir/FileIo.c.obj
                0x000000001000f90c                cmd_close
 .text.CheckSDCard
                0x000000001000fb98       0x70 CMakeFiles/PicoMite.dir/FileIo.c.obj
                0x000000001000fb98                CheckSDCard
 .text.LoadOptions
                0x000000001000fc08       0x40 CMakeFiles/PicoMite.dir/FileIo.c.obj
                0x000000001000fc08                LoadOptions
 .text.ResetAllFlash
                0x000000001000fc48      0x1cc CMakeFiles/PicoMite.dir/FileIo.c.obj
                0x000000001000fc48                ResetAllFlash
 .text.FlashWriteBlock
                0x000000001000fe14       0xb4 CMakeFiles/PicoMite.dir/FileIo.c.obj
                0x000000001000fe14                FlashWriteBlock
 .text.ClearSavedVars
                0x000000001000fec8       0x70 CMakeFiles/PicoMite.dir/FileIo.c.obj
                0x000000001000fec8                ClearSavedVars
 .text.cmd_var  0x000000001000ff38      0x96c CMakeFiles/PicoMite.dir/FileIo.c.obj
                0x000000001000ff38                cmd_var
 .text.SaveOptions
                0x00000000100108a4       0xcc CMakeFiles/PicoMite.dir/FileIo.c.obj
                0x00000000100108a4                SaveOptions
 .text.SaveProg
                0x0000000010010970      0x104 CMakeFiles/PicoMite.dir/FileIo.c.obj
                0x0000000010010970                SaveProg
 .text.cmd_flash
                0x0000000010010a74      0x558 CMakeFiles/PicoMite.dir/FileIo.c.obj
                0x0000000010010a74                cmd_flash
 .text.RestoreProg
                0x0000000010010fcc      0x104 CMakeFiles/PicoMite.dir/FileIo.c.obj
                0x0000000010010fcc                RestoreProg
 .text.get_ldnumber
                0x00000000100110d0       0xb8 CMakeFiles/PicoMite.dir/ff.c.obj
 .text.sync_fs  0x0000000010011188       0xf4 CMakeFiles/PicoMite.dir/ff.c.obj
 .text.get_fileinfo
                0x000000001001127c      0x26c CMakeFiles/PicoMite.dir/ff.c.obj
 .text.dbc_1st.constprop.0
                0x00000000100114e8        0x4 CMakeFiles/PicoMite.dir/ff.c.obj
 .text.gen_numname
                0x00000000100114ec       0xc0 CMakeFiles/PicoMite.dir/ff.c.obj
 .text.move_window.part.0
                0x00000000100115ac       0x64 CMakeFiles/PicoMite.dir/ff.c.obj
 .text.put_fat.part.0
                0x0000000010011610      0x144 CMakeFiles/PicoMite.dir/ff.c.obj
 .text.get_fat.isra.0
                0x0000000010011754       0xf4 CMakeFiles/PicoMite.dir/ff.c.obj
 .text.dir_next.constprop.0
                0x0000000010011848       0xa4 CMakeFiles/PicoMite.dir/ff.c.obj
 .text.dir_clear
                0x00000000100118ec       0x9c CMakeFiles/PicoMite.dir/ff.c.obj
 .text.check_fs
                0x0000000010011988      0x128 CMakeFiles/PicoMite.dir/ff.c.obj
 .text.mount_volume
                0x0000000010011ab0      0x420 CMakeFiles/PicoMite.dir/ff.c.obj
 .text.dir_read
                0x0000000010011ed0      0x464 CMakeFiles/PicoMite.dir/ff.c.obj
 .text.create_chain.isra.0
                0x0000000010012334      0x214 CMakeFiles/PicoMite.dir/ff.c.obj
 .text.dir_sdi.constprop.0
                0x0000000010012548      0x18c CMakeFiles/PicoMite.dir/ff.c.obj
 .text.dir_alloc
                0x00000000100126d4      0x18c CMakeFiles/PicoMite.dir/ff.c.obj
 .text.dir_find
                0x0000000010012860      0x378 CMakeFiles/PicoMite.dir/ff.c.obj
 .text.follow_path
                0x0000000010012bd8      0x3ec CMakeFiles/PicoMite.dir/ff.c.obj
 .text.dir_sdi  0x0000000010012fc4      0x1d4 CMakeFiles/PicoMite.dir/ff.c.obj
 .text.dir_register
                0x0000000010013198      0x3cc CMakeFiles/PicoMite.dir/ff.c.obj
 .text.remove_chain.isra.0
                0x0000000010013564      0x178 CMakeFiles/PicoMite.dir/ff.c.obj
 .text.pattern_matching
                0x00000000100136dc       0xe4 CMakeFiles/PicoMite.dir/ff.c.obj
                0x00000000100136dc                pattern_matching
 .text.f_mount  0x00000000100137c0       0x50 CMakeFiles/PicoMite.dir/ff.c.obj
                0x00000000100137c0                f_mount
 .text.f_open   0x0000000010013810      0x26c CMakeFiles/PicoMite.dir/ff.c.obj
                0x0000000010013810                f_open
 .text.f_read   0x0000000010013a7c      0x1f4 CMakeFiles/PicoMite.dir/ff.c.obj
                0x0000000010013a7c                f_read
 .text.f_write  0x0000000010013c70      0x22c CMakeFiles/PicoMite.dir/ff.c.obj
                0x0000000010013c70                f_write
 .text.f_close  0x0000000010013e9c       0xf8 CMakeFiles/PicoMite.dir/ff.c.obj
                0x0000000010013e9c                f_close
 .text.f_chdir  0x0000000010013f94       0x90 CMakeFiles/PicoMite.dir/ff.c.obj
                0x0000000010013f94                f_chdir
 .text.f_getcwd
                0x0000000010014024      0x2dc CMakeFiles/PicoMite.dir/ff.c.obj
                0x0000000010014024                f_getcwd
 .text.f_lseek  0x0000000010014300      0x420 CMakeFiles/PicoMite.dir/ff.c.obj
                0x0000000010014300                f_lseek
 .text.f_opendir
                0x0000000010014720       0x84 CMakeFiles/PicoMite.dir/ff.c.obj
                0x0000000010014720                f_opendir
 .text.f_closedir
                0x00000000100147a4       0x34 CMakeFiles/PicoMite.dir/ff.c.obj
                0x00000000100147a4                f_closedir
 .text.f_readdir
                0x00000000100147d8       0x60 CMakeFiles/PicoMite.dir/ff.c.obj
                0x00000000100147d8                f_readdir
 .text.f_findnext
                0x0000000010014838      0x108 CMakeFiles/PicoMite.dir/ff.c.obj
                0x0000000010014838                f_findnext
 .text.f_findfirst
                0x0000000010014940       0x94 CMakeFiles/PicoMite.dir/ff.c.obj
                0x0000000010014940                f_findfirst
 .text.f_stat   0x00000000100149d4       0x48 CMakeFiles/PicoMite.dir/ff.c.obj
                0x00000000100149d4                f_stat
 .text.f_getfree
                0x0000000010014a1c      0x144 CMakeFiles/PicoMite.dir/ff.c.obj
                0x0000000010014a1c                f_getfree
 .text.f_unlink
                0x0000000010014b60      0x198 CMakeFiles/PicoMite.dir/ff.c.obj
                0x0000000010014b60                f_unlink
 .text.f_mkdir  0x0000000010014cf8      0x1b4 CMakeFiles/PicoMite.dir/ff.c.obj
                0x0000000010014cf8                f_mkdir
 .text.f_rename
                0x0000000010014eac      0x27c CMakeFiles/PicoMite.dir/ff.c.obj
                0x0000000010014eac                f_rename
 .text.ff_uni2oem
                0x0000000010015128       0x40 CMakeFiles/PicoMite.dir/ffunicode.c.obj
                0x0000000010015128                ff_uni2oem
 .text.ff_oem2uni
                0x0000000010015168       0x2c CMakeFiles/PicoMite.dir/ffunicode.c.obj
                0x0000000010015168                ff_oem2uni
 .text.ff_wtoupper
                0x0000000010015194       0xb8 CMakeFiles/PicoMite.dir/ffunicode.c.obj
                0x0000000010015194                ff_wtoupper
 .text.on_pwm_wrap
                0x000000001001524c      0x660 CMakeFiles/PicoMite.dir/mmc_stm32.c.obj
                0x000000001001524c                on_pwm_wrap
 .text.MDD_SDSPI_CardDetectState
                0x00000000100158ac        0x4 CMakeFiles/PicoMite.dir/mmc_stm32.c.obj
                0x00000000100158ac                MDD_SDSPI_CardDetectState
 .text.selectSD
                0x00000000100158b0       0x80 CMakeFiles/PicoMite.dir/mmc_stm32.c.obj
                0x00000000100158b0                selectSD
 .text.send_cmd
                0x0000000010015930       0xb4 CMakeFiles/PicoMite.dir/mmc_stm32.c.obj
                0x0000000010015930                send_cmd
 .text.disk_status
                0x00000000100159e4       0x14 CMakeFiles/PicoMite.dir/mmc_stm32.c.obj
                0x00000000100159e4                disk_status
 .text.disk_initialize
                0x00000000100159f8      0x1b8 CMakeFiles/PicoMite.dir/mmc_stm32.c.obj
                0x00000000100159f8                disk_initialize
 .text.disk_read
                0x0000000010015bb0      0x14c CMakeFiles/PicoMite.dir/mmc_stm32.c.obj
                0x0000000010015bb0                disk_read
 .text.disk_write
                0x0000000010015cfc      0x1b4 CMakeFiles/PicoMite.dir/mmc_stm32.c.obj
                0x0000000010015cfc                disk_write
 .text.disk_ioctl
                0x0000000010015eb0      0x33c CMakeFiles/PicoMite.dir/mmc_stm32.c.obj
                0x0000000010015eb0                disk_ioctl
 .text.get_fattime
                0x00000000100161ec       0x6c CMakeFiles/PicoMite.dir/mmc_stm32.c.obj
                0x00000000100161ec                get_fattime
 .text.InitReservedIO
                0x0000000010016258      0xd74 CMakeFiles/PicoMite.dir/mmc_stm32.c.obj
                0x0000000010016258                InitReservedIO
 .text.hline.constprop.0
                0x0000000010016fcc       0xc0 CMakeFiles/PicoMite.dir/Draw.c.obj
 .text.getargaddress
                0x000000001001708c      0x1a0 CMakeFiles/PicoMite.dir/Draw.c.obj
                0x000000001001708c                getargaddress
 .text.DrawPixel
                0x000000001001722c       0x18 CMakeFiles/PicoMite.dir/Draw.c.obj
                0x000000001001722c                DrawPixel
 .text.ClearScreen
                0x0000000010017244       0x2c CMakeFiles/PicoMite.dir/Draw.c.obj
                0x0000000010017244                ClearScreen
 .text.DrawBuffered
                0x0000000010017270      0x184 CMakeFiles/PicoMite.dir/Draw.c.obj
                0x0000000010017270                DrawBuffered
 .text.DrawLine.constprop.0
                0x00000000100173f4      0x23c CMakeFiles/PicoMite.dir/Draw.c.obj
 .text.fill_end_fill
                0x0000000010017630      0x29c CMakeFiles/PicoMite.dir/Draw.c.obj
 .text.DrawLine
                0x00000000100178cc      0x248 CMakeFiles/PicoMite.dir/Draw.c.obj
                0x00000000100178cc                DrawLine
 .text.DrawBox  0x0000000010017b14       0xcc CMakeFiles/PicoMite.dir/Draw.c.obj
                0x0000000010017b14                DrawBox
 .text.DrawRBox
                0x0000000010017be0      0x268 CMakeFiles/PicoMite.dir/Draw.c.obj
                0x0000000010017be0                DrawRBox
 .text.ClearTriangle
                0x0000000010017e48      0x178 CMakeFiles/PicoMite.dir/Draw.c.obj
                0x0000000010017e48                ClearTriangle
 .text.DrawTriangle
                0x0000000010017fc0      0x290 CMakeFiles/PicoMite.dir/Draw.c.obj
                0x0000000010017fc0                DrawTriangle
 .text.GetJustification
                0x0000000010018250       0xf0 CMakeFiles/PicoMite.dir/Draw.c.obj
                0x0000000010018250                GetJustification
 .text.cmd_pixel
                0x0000000010018340      0x1f8 CMakeFiles/PicoMite.dir/Draw.c.obj
                0x0000000010018340                cmd_pixel
 .text.cmd_line
                0x0000000010018538      0x370 CMakeFiles/PicoMite.dir/Draw.c.obj
                0x0000000010018538                cmd_line
 .text.cmd_box  0x00000000100188a8      0x4d8 CMakeFiles/PicoMite.dir/Draw.c.obj
                0x00000000100188a8                cmd_box
 .text.pointcalc
                0x0000000010018d80      0x1a4 CMakeFiles/PicoMite.dir/Draw.c.obj
                0x0000000010018d80                pointcalc
 .text.cmd_polygon
                0x0000000010018f24     0x1190 CMakeFiles/PicoMite.dir/Draw.c.obj
                0x0000000010018f24                cmd_polygon
 .text.cmd_rbox
                0x000000001001a0b4      0x4d8 CMakeFiles/PicoMite.dir/Draw.c.obj
                0x000000001001a0b4                cmd_rbox
 .text.cmd_triangle
                0x000000001001a58c      0x448 CMakeFiles/PicoMite.dir/Draw.c.obj
                0x000000001001a58c                cmd_triangle
 .text.cmd_cls  0x000000001001a9d4       0xa8 CMakeFiles/PicoMite.dir/Draw.c.obj
                0x000000001001a9d4                cmd_cls
 .text.fun_rgb  0x000000001001aa7c      0x2c4 CMakeFiles/PicoMite.dir/Draw.c.obj
                0x000000001001aa7c                fun_rgb
 .text.fun_mmhres
                0x000000001001ad40       0x20 CMakeFiles/PicoMite.dir/Draw.c.obj
                0x000000001001ad40                fun_mmhres
 .text.fun_mmvres
                0x000000001001ad60       0x20 CMakeFiles/PicoMite.dir/Draw.c.obj
                0x000000001001ad60                fun_mmvres
 .text.cmd_blit
                0x000000001001ad80      0x798 CMakeFiles/PicoMite.dir/Draw.c.obj
                0x000000001001ad80                cmd_blit
 .text.cmd_font
                0x000000001001b518       0xf8 CMakeFiles/PicoMite.dir/Draw.c.obj
                0x000000001001b518                cmd_font
 .text.cmd_colour
                0x000000001001b610       0x8c CMakeFiles/PicoMite.dir/Draw.c.obj
                0x000000001001b610                cmd_colour
 .text.cmd_refresh
                0x000000001001b69c       0x40 CMakeFiles/PicoMite.dir/Draw.c.obj
                0x000000001001b69c                cmd_refresh
 .text.DrawRectangleUser
                0x000000001001b6dc      0x158 CMakeFiles/PicoMite.dir/Draw.c.obj
                0x000000001001b6dc                DrawRectangleUser
 .text.DrawBitmapUser
                0x000000001001b834      0x198 CMakeFiles/PicoMite.dir/Draw.c.obj
                0x000000001001b834                DrawBitmapUser
 .text.GetFontHeight
                0x000000001001b9cc       0x18 CMakeFiles/PicoMite.dir/Draw.c.obj
                0x000000001001b9cc                GetFontHeight
 .text.SetFont  0x000000001001b9e4       0x4c CMakeFiles/PicoMite.dir/Draw.c.obj
                0x000000001001b9e4                SetFont
 .text.ResetDisplay
                0x000000001001ba30       0xa8 CMakeFiles/PicoMite.dir/Draw.c.obj
                0x000000001001ba30                ResetDisplay
 .text.hline    0x000000001001bad8      0x180 CMakeFiles/PicoMite.dir/Draw.c.obj
                0x000000001001bad8                hline
 .text.DrawFilledCircle.constprop.0
                0x000000001001bc58      0x298 CMakeFiles/PicoMite.dir/Draw.c.obj
 .text.cmd_arc  0x000000001001bef0      0x398 CMakeFiles/PicoMite.dir/Draw.c.obj
                0x000000001001bef0                cmd_arc
 .text.DrawFilledCircle
                0x000000001001c288      0x2ec CMakeFiles/PicoMite.dir/Draw.c.obj
                0x000000001001c288                DrawFilledCircle
 .text.DrawCircle
                0x000000001001c574      0x58c CMakeFiles/PicoMite.dir/Draw.c.obj
                0x000000001001c574                DrawCircle
 .text.GUIPrintChar
                0x000000001001cb00      0xaf8 CMakeFiles/PicoMite.dir/Draw.c.obj
                0x000000001001cb00                GUIPrintChar
 .text.GUIPrintString
                0x000000001001d5f8      0x330 CMakeFiles/PicoMite.dir/Draw.c.obj
                0x000000001001d5f8                GUIPrintString
 .text.cmd_text
                0x000000001001d928      0x1ec CMakeFiles/PicoMite.dir/Draw.c.obj
                0x000000001001d928                cmd_text
 .text.cmd_guiMX170
                0x000000001001db14      0xc5c CMakeFiles/PicoMite.dir/Draw.c.obj
                0x000000001001db14                cmd_guiMX170
 .text.cmd_circle
                0x000000001001e770      0x538 CMakeFiles/PicoMite.dir/Draw.c.obj
                0x000000001001e770                cmd_circle
 .text.PositionCursor
                0x000000001001eca8       0x9c CMakeFiles/PicoMite.dir/Editor.c.obj
                0x000000001001eca8                PositionCursor
 .text.EditCompStr
                0x000000001001ed44       0x6c CMakeFiles/PicoMite.dir/Editor.c.obj
                0x000000001001ed44                EditCompStr
 .text.SetColour
                0x000000001001edb0      0x4e4 CMakeFiles/PicoMite.dir/Editor.c.obj
                0x000000001001edb0                SetColour
 .text.printLine
                0x000000001001f294      0x150 CMakeFiles/PicoMite.dir/Editor.c.obj
                0x000000001001f294                printLine
 .text.printScreen
                0x000000001001f3e4       0xb8 CMakeFiles/PicoMite.dir/Editor.c.obj
                0x000000001001f3e4                printScreen
 .text.PrintFunctKeys
                0x000000001001f49c      0x1c0 CMakeFiles/PicoMite.dir/Editor.c.obj
                0x000000001001f49c                PrintFunctKeys
 .text.PrintStatus
                0x000000001001f65c      0x17c CMakeFiles/PicoMite.dir/Editor.c.obj
                0x000000001001f65c                PrintStatus
 .text.editDisplayMsg
                0x000000001001f7d8       0xf0 CMakeFiles/PicoMite.dir/Editor.c.obj
                0x000000001001f7d8                editDisplayMsg
 .text.MarkMode
                0x000000001001f8c8      0x514 CMakeFiles/PicoMite.dir/Editor.c.obj
                0x000000001001f8c8                MarkMode
 .text.GetInputString
                0x000000001001fddc      0x184 CMakeFiles/PicoMite.dir/Editor.c.obj
                0x000000001001fddc                GetInputString
 .text.Scroll   0x000000001001ff60      0x10c CMakeFiles/PicoMite.dir/Editor.c.obj
                0x000000001001ff60                Scroll
 .text.ScrollDown
                0x000000001002006c      0x104 CMakeFiles/PicoMite.dir/Editor.c.obj
                0x000000001002006c                ScrollDown
 .text.FullScreenEditor
                0x0000000010020170      0xc50 CMakeFiles/PicoMite.dir/Editor.c.obj
                0x0000000010020170                FullScreenEditor
 .text.cmd_edit
                0x0000000010020dc0      0x26c CMakeFiles/PicoMite.dir/Editor.c.obj
                0x0000000010020dc0                cmd_edit
 .text.xmodemReceive
                0x000000001002102c      0x340 CMakeFiles/PicoMite.dir/XModem.c.obj
                0x000000001002102c                xmodemReceive
 .text.xmodemTransmit
                0x000000001002136c      0x360 CMakeFiles/PicoMite.dir/XModem.c.obj
                0x000000001002136c                xmodemTransmit
 .text.cmd_xmodem
                0x00000000100216cc      0x274 CMakeFiles/PicoMite.dir/XModem.c.obj
                0x00000000100216cc                cmd_xmodem
 .text.check_interrupt.part.0
                0x0000000010021940      0x77c CMakeFiles/PicoMite.dir/MM_Misc.c.obj
 .text.integersort
                0x00000000100220bc      0x1d8 CMakeFiles/PicoMite.dir/MM_Misc.c.obj
                0x00000000100220bc                integersort
 .text.floatsort
                0x0000000010022294      0x22c CMakeFiles/PicoMite.dir/MM_Misc.c.obj
                0x0000000010022294                floatsort
 .text.stringsort
                0x00000000100224c0      0x274 CMakeFiles/PicoMite.dir/MM_Misc.c.obj
                0x00000000100224c0                stringsort
 .text.cmd_sort
                0x0000000010022734      0x3a4 CMakeFiles/PicoMite.dir/MM_Misc.c.obj
                0x0000000010022734                cmd_sort
 .text.cmd_timer
                0x0000000010022ad8       0x9c CMakeFiles/PicoMite.dir/MM_Misc.c.obj
                0x0000000010022ad8                cmd_timer
 .text.fun_timer
                0x0000000010022b74       0x3c CMakeFiles/PicoMite.dir/MM_Misc.c.obj
                0x0000000010022b74                fun_timer
 .text.fun_datetime
                0x0000000010022bb0      0x1bc CMakeFiles/PicoMite.dir/MM_Misc.c.obj
                0x0000000010022bb0                fun_datetime
 .text.fun_epoch
                0x0000000010022d6c      0x190 CMakeFiles/PicoMite.dir/MM_Misc.c.obj
                0x0000000010022d6c                fun_epoch
 .text.cmd_pause
                0x0000000010022efc      0x248 CMakeFiles/PicoMite.dir/MM_Misc.c.obj
                0x0000000010022efc                cmd_pause
 .text.cmd_longString
                0x0000000010023144     0x13a8 CMakeFiles/PicoMite.dir/MM_Misc.c.obj
                0x0000000010023144                cmd_longString
 .text.fun_LGetStr
                0x00000000100244ec      0x1b0 CMakeFiles/PicoMite.dir/MM_Misc.c.obj
                0x00000000100244ec                fun_LGetStr
 .text.fun_LGetByte
                0x000000001002469c       0xec CMakeFiles/PicoMite.dir/MM_Misc.c.obj
                0x000000001002469c                fun_LGetByte
 .text.fun_LInstr
                0x0000000010024788      0x1fc CMakeFiles/PicoMite.dir/MM_Misc.c.obj
                0x0000000010024788                fun_LInstr
 .text.fun_LCompare
                0x0000000010024984      0x18c CMakeFiles/PicoMite.dir/MM_Misc.c.obj
                0x0000000010024984                fun_LCompare
 .text.fun_LLen
                0x0000000010024b10       0xb8 CMakeFiles/PicoMite.dir/MM_Misc.c.obj
                0x0000000010024b10                fun_LLen
 .text.cmd_date
                0x0000000010024bc8      0x1f0 CMakeFiles/PicoMite.dir/MM_Misc.c.obj
                0x0000000010024bc8                cmd_date
 .text.fun_date
                0x0000000010024db8       0x80 CMakeFiles/PicoMite.dir/MM_Misc.c.obj
                0x0000000010024db8                fun_date
 .text.fun_day  0x0000000010024e38      0x120 CMakeFiles/PicoMite.dir/MM_Misc.c.obj
                0x0000000010024e38                fun_day
 .text.cmd_time
                0x0000000010024f58      0x1c8 CMakeFiles/PicoMite.dir/MM_Misc.c.obj
                0x0000000010024f58                cmd_time
 .text.fun_time
                0x0000000010025120       0x88 CMakeFiles/PicoMite.dir/MM_Misc.c.obj
                0x0000000010025120                fun_time
 .text.cmd_ireturn
                0x00000000100251a8       0x90 CMakeFiles/PicoMite.dir/MM_Misc.c.obj
                0x00000000100251a8                cmd_ireturn
 .text.cmd_settick
                0x0000000010025238       0xe4 CMakeFiles/PicoMite.dir/MM_Misc.c.obj
                0x0000000010025238                cmd_settick
 .text.printoptions
                0x000000001002531c      0xaa4 CMakeFiles/PicoMite.dir/MM_Misc.c.obj
                0x000000001002531c                printoptions
 .text.checkslice
                0x0000000010025dc0       0x48 CMakeFiles/PicoMite.dir/MM_Misc.c.obj
                0x0000000010025dc0                checkslice
 .text.cmd_update
                0x0000000010025e08       0x14 CMakeFiles/PicoMite.dir/MM_Misc.c.obj
                0x0000000010025e08                cmd_update
 .text.disable_systemspi
                0x0000000010025e1c       0xbc CMakeFiles/PicoMite.dir/MM_Misc.c.obj
                0x0000000010025e1c                disable_systemspi
 .text.disable_systemi2c
                0x0000000010025ed8       0x80 CMakeFiles/PicoMite.dir/MM_Misc.c.obj
                0x0000000010025ed8                disable_systemi2c
 .text.disable_sd
                0x0000000010025f58      0x100 CMakeFiles/PicoMite.dir/MM_Misc.c.obj
                0x0000000010025f58                disable_sd
 .text.disable_audio
                0x0000000010026058       0x84 CMakeFiles/PicoMite.dir/MM_Misc.c.obj
                0x0000000010026058                disable_audio
 .text.cmd_option
                0x00000000100260dc     0x14ac CMakeFiles/PicoMite.dir/MM_Misc.c.obj
                0x00000000100260dc                cmd_option
 .text.fun_device
                0x0000000010027588       0x30 CMakeFiles/PicoMite.dir/MM_Misc.c.obj
                0x0000000010027588                fun_device
 .text.fun_info
                0x00000000100275b8      0x984 CMakeFiles/PicoMite.dir/MM_Misc.c.obj
                0x00000000100275b8                fun_info
 .text.cmd_watchdog
                0x0000000010027f3c       0x40 CMakeFiles/PicoMite.dir/MM_Misc.c.obj
                0x0000000010027f3c                cmd_watchdog
 .text.fun_restart
                0x0000000010027f7c       0x20 CMakeFiles/PicoMite.dir/MM_Misc.c.obj
                0x0000000010027f7c                fun_restart
 .text.cmd_cpu  0x0000000010027f9c       0xb0 CMakeFiles/PicoMite.dir/MM_Misc.c.obj
                0x0000000010027f9c                cmd_cpu
 .text.cmd_cfunction
                0x000000001002804c       0xbc CMakeFiles/PicoMite.dir/MM_Misc.c.obj
                0x000000001002804c                cmd_cfunction
 .text.GetPokeAddr
                0x0000000010028108        0x8 CMakeFiles/PicoMite.dir/MM_Misc.c.obj
                0x0000000010028108                GetPokeAddr
 .text.cmd_poke
                0x0000000010028110      0x20c CMakeFiles/PicoMite.dir/MM_Misc.c.obj
                0x0000000010028110                cmd_poke
 .text.GetPeekAddr
                0x000000001002831c        0x8 CMakeFiles/PicoMite.dir/MM_Misc.c.obj
                0x000000001002831c                GetPeekAddr
 .text.fun_peek
                0x0000000010028324      0x2d4 CMakeFiles/PicoMite.dir/MM_Misc.c.obj
                0x0000000010028324                fun_peek
 .text.check_interrupt
                0x00000000100285f8       0x6c CMakeFiles/PicoMite.dir/MM_Misc.c.obj
                0x00000000100285f8                check_interrupt
 .text.GetIntAddress
                0x0000000010028664       0x44 CMakeFiles/PicoMite.dir/MM_Misc.c.obj
                0x0000000010028664                GetIntAddress
 .text.readIRclock
                0x00000000100286a8       0x18 CMakeFiles/PicoMite.dir/External.c.obj
                0x00000000100286a8                readIRclock
 .text.codemap  0x00000000100286c0       0x20 CMakeFiles/PicoMite.dir/External.c.obj
                0x00000000100286c0                codemap
 .text.codecheck
                0x00000000100286e0       0x78 CMakeFiles/PicoMite.dir/External.c.obj
                0x00000000100286e0                codecheck
 .text.SoftReset
                0x0000000010028758        0xc CMakeFiles/PicoMite.dir/External.c.obj
                0x0000000010028758                SoftReset
 .text.PinSetBit
                0x0000000010028764      0x1ac CMakeFiles/PicoMite.dir/External.c.obj
                0x0000000010028764                PinSetBit
 .text.IsInvalidPin
                0x0000000010028910       0x1c CMakeFiles/PicoMite.dir/External.c.obj
                0x0000000010028910                IsInvalidPin
 .text.ClearPin
                0x000000001002892c      0x1f4 CMakeFiles/PicoMite.dir/External.c.obj
                0x000000001002892c                ClearPin
 .text.ExtCfg   0x0000000010028b20      0xd48 CMakeFiles/PicoMite.dir/External.c.obj
                0x0000000010028b20                ExtCfg
 .text.cmd_setpin
                0x0000000010029868     0x1004 CMakeFiles/PicoMite.dir/External.c.obj
                0x0000000010029868                cmd_setpin
 .text.fun_pin  0x000000001002a86c      0x30c CMakeFiles/PicoMite.dir/External.c.obj
                0x000000001002a86c                fun_pin
 .text.CheckPin
                0x000000001002ab78       0xb0 CMakeFiles/PicoMite.dir/External.c.obj
                0x000000001002ab78                CheckPin
 .text.cmd_port
                0x000000001002ac28      0x230 CMakeFiles/PicoMite.dir/External.c.obj
                0x000000001002ac28                cmd_port
 .text.fun_distance
                0x000000001002ae58      0x284 CMakeFiles/PicoMite.dir/External.c.obj
                0x000000001002ae58                fun_distance
 .text.fun_port
                0x000000001002b0dc      0x1f0 CMakeFiles/PicoMite.dir/External.c.obj
                0x000000001002b0dc                fun_port
 .text.cmd_pulse
                0x000000001002b2cc      0x214 CMakeFiles/PicoMite.dir/External.c.obj
                0x000000001002b2cc                cmd_pulse
 .text.fun_pulsin
                0x000000001002b4e0      0x2a0 CMakeFiles/PicoMite.dir/External.c.obj
                0x000000001002b4e0                fun_pulsin
 .text.IrInit   0x000000001002b780      0x10c CMakeFiles/PicoMite.dir/External.c.obj
                0x000000001002b780                IrInit
 .text.cmd_ir   0x000000001002b88c      0x358 CMakeFiles/PicoMite.dir/External.c.obj
                0x000000001002b88c                cmd_ir
 .text.IrReset  0x000000001002bbe4       0x2c CMakeFiles/PicoMite.dir/External.c.obj
                0x000000001002bbe4                IrReset
 .text.PWMoff   0x000000001002bc10      0x204 CMakeFiles/PicoMite.dir/External.c.obj
                0x000000001002bc10                PWMoff
 .text.cmd_backlight
                0x000000001002be14      0x224 CMakeFiles/PicoMite.dir/External.c.obj
                0x000000001002be14                cmd_backlight
 .text.cmd_pwm  0x000000001002c038     0x1138 CMakeFiles/PicoMite.dir/External.c.obj
                0x000000001002c038                cmd_pwm
 .text.cmd_keypad
                0x000000001002d170      0x2ac CMakeFiles/PicoMite.dir/External.c.obj
                0x000000001002d170                cmd_keypad
 .text.KeypadCheck
                0x000000001002d41c      0x3e4 CMakeFiles/PicoMite.dir/External.c.obj
                0x000000001002d41c                KeypadCheck
 .text.LCD_Nibble
                0x000000001002d800      0x104 CMakeFiles/PicoMite.dir/External.c.obj
                0x000000001002d800                LCD_Nibble
 .text.cmd_lcd  0x000000001002d904      0x4bc CMakeFiles/PicoMite.dir/External.c.obj
                0x000000001002d904                cmd_lcd
 .text.DHT22    0x000000001002ddc0      0x430 CMakeFiles/PicoMite.dir/External.c.obj
                0x000000001002ddc0                DHT22
 .text.cmd_adc  0x000000001002e1f0      0xa24 CMakeFiles/PicoMite.dir/External.c.obj
                0x000000001002e1f0                cmd_adc
 .text.ClearExternalIO
                0x000000001002ec14      0x74c CMakeFiles/PicoMite.dir/External.c.obj
                0x000000001002ec14                ClearExternalIO
 .text.Q_Mult   0x000000001002f360      0x214 CMakeFiles/PicoMite.dir/MATHS.c.obj
                0x000000001002f360                Q_Mult
 .text.Fft_transformRadix2
                0x000000001002f574      0x2fc CMakeFiles/PicoMite.dir/MATHS.c.obj
                0x000000001002f574                Fft_transformRadix2
 .text.cmd_FFT  0x000000001002f870      0xa90 CMakeFiles/PicoMite.dir/MATHS.c.obj
                0x000000001002f870                cmd_FFT
 .text.MadgwickQuaternionUpdate
                0x0000000010030300      0xf68 CMakeFiles/PicoMite.dir/MATHS.c.obj
                0x0000000010030300                MadgwickQuaternionUpdate
 .text.MahonyQuaternionUpdate
                0x0000000010031268      0xa8c CMakeFiles/PicoMite.dir/MATHS.c.obj
                0x0000000010031268                MahonyQuaternionUpdate
 .text.cmd_SensorFusion
                0x0000000010031cf4      0x3dc CMakeFiles/PicoMite.dir/MATHS.c.obj
                0x0000000010031cf4                cmd_SensorFusion
 .text.determinant
                0x00000000100320d0      0x1dc CMakeFiles/PicoMite.dir/MATHS.c.obj
                0x00000000100320d0                determinant
 .text.fun_math
                0x00000000100322ac     0x1f70 CMakeFiles/PicoMite.dir/MATHS.c.obj
                0x00000000100322ac                fun_math
 .text.transpose
                0x000000001003421c      0x130 CMakeFiles/PicoMite.dir/MATHS.c.obj
                0x000000001003421c                transpose
 .text.cofactor
                0x000000001003434c      0x220 CMakeFiles/PicoMite.dir/MATHS.c.obj
                0x000000001003434c                cofactor
 .text.cmd_math
                0x000000001003456c     0x472c CMakeFiles/PicoMite.dir/MATHS.c.obj
                0x000000001003456c                cmd_math
 .text.fun_mmOW
                0x0000000010038c98       0x20 CMakeFiles/PicoMite.dir/Onewire.c.obj
                0x0000000010038c98                fun_mmOW
 .text.ow_reset
                0x0000000010038cb8       0x80 CMakeFiles/PicoMite.dir/Onewire.c.obj
                0x0000000010038cb8                ow_reset
 .text.Init_ds18b20
                0x0000000010038d38      0x264 CMakeFiles/PicoMite.dir/Onewire.c.obj
                0x0000000010038d38                Init_ds18b20
 .text.cmd_ds18b20
                0x0000000010038f9c       0xc4 CMakeFiles/PicoMite.dir/Onewire.c.obj
                0x0000000010038f9c                cmd_ds18b20
 .text.owWrite  0x0000000010039060      0x24c CMakeFiles/PicoMite.dir/Onewire.c.obj
                0x0000000010039060                owWrite
 .text.fun_ds18b20
                0x00000000100392ac      0x2bc CMakeFiles/PicoMite.dir/Onewire.c.obj
                0x00000000100392ac                fun_ds18b20
 .text.owRead   0x0000000010039568      0x324 CMakeFiles/PicoMite.dir/Onewire.c.obj
                0x0000000010039568                owRead
 .text.cmd_onewire
                0x000000001003988c       0x9c CMakeFiles/PicoMite.dir/Onewire.c.obj
                0x000000001003988c                cmd_onewire
 .text.I2C_Send_Command
                0x0000000010039928       0xd8 CMakeFiles/PicoMite.dir/I2C.c.obj
                0x0000000010039928                I2C_Send_Command
 .text.I2C_Send_Data
                0x0000000010039a00      0x17c CMakeFiles/PicoMite.dir/I2C.c.obj
                0x0000000010039a00                I2C_Send_Data
 .text.ConfigDisplayI2C
                0x0000000010039b7c      0x17c CMakeFiles/PicoMite.dir/I2C.c.obj
                0x0000000010039b7c                ConfigDisplayI2C
 .text.InitDisplayI2C
                0x0000000010039cf8      0x144 CMakeFiles/PicoMite.dir/I2C.c.obj
                0x0000000010039cf8                InitDisplayI2C
 .text.i2cSlave
                0x0000000010039e3c      0x118 CMakeFiles/PicoMite.dir/I2C.c.obj
                0x0000000010039e3c                i2cSlave
 .text.i2c2Slave
                0x0000000010039f54      0x118 CMakeFiles/PicoMite.dir/I2C.c.obj
                0x0000000010039f54                i2c2Slave
 .text.i2cEnable
                0x000000001003a06c       0xfc CMakeFiles/PicoMite.dir/I2C.c.obj
                0x000000001003a06c                i2cEnable
 .text.i2c2Enable
                0x000000001003a168       0xfc CMakeFiles/PicoMite.dir/I2C.c.obj
                0x000000001003a168                i2c2Enable
 .text.i2cSendSlave
                0x000000001003a264      0x2a4 CMakeFiles/PicoMite.dir/I2C.c.obj
                0x000000001003a264                i2cSendSlave
 .text.i2cCheck
                0x000000001003a508       0x7c CMakeFiles/PicoMite.dir/I2C.c.obj
                0x000000001003a508                i2cCheck
 .text.i2c2Check
                0x000000001003a584       0x7c CMakeFiles/PicoMite.dir/I2C.c.obj
                0x000000001003a584                i2c2Check
 .text.i2cReceiveSlave
                0x000000001003a600      0x458 CMakeFiles/PicoMite.dir/I2C.c.obj
                0x000000001003a600                i2cReceiveSlave
 .text.i2c_disable
                0x000000001003aa58       0xbc CMakeFiles/PicoMite.dir/I2C.c.obj
                0x000000001003aa58                i2c_disable
 .text.i2c2_disable
                0x000000001003ab14       0xbc CMakeFiles/PicoMite.dir/I2C.c.obj
                0x000000001003ab14                i2c2_disable
 .text.i2c_masterCommand
                0x000000001003abd0      0x264 CMakeFiles/PicoMite.dir/I2C.c.obj
                0x000000001003abd0                i2c_masterCommand
 .text.i2cSend  0x000000001003ae34      0x260 CMakeFiles/PicoMite.dir/I2C.c.obj
                0x000000001003ae34                i2cSend
 .text.i2cReceive
                0x000000001003b094      0x1fc CMakeFiles/PicoMite.dir/I2C.c.obj
                0x000000001003b094                i2cReceive
 .text.cmd_i2c  0x000000001003b290      0x120 CMakeFiles/PicoMite.dir/I2C.c.obj
                0x000000001003b290                cmd_i2c
 .text.i2c2_masterCommand
                0x000000001003b3b0      0x264 CMakeFiles/PicoMite.dir/I2C.c.obj
                0x000000001003b3b0                i2c2_masterCommand
 .text.i2c2Send
                0x000000001003b614      0x260 CMakeFiles/PicoMite.dir/I2C.c.obj
                0x000000001003b614                i2c2Send
 .text.i2c2Receive
                0x000000001003b874      0x1fc CMakeFiles/PicoMite.dir/I2C.c.obj
                0x000000001003b874                i2c2Receive
 .text.cmd_i2c2
                0x000000001003ba70      0x120 CMakeFiles/PicoMite.dir/I2C.c.obj
                0x000000001003ba70                cmd_i2c2
 .text.RtcGetTime
                0x000000001003bb90      0x2b0 CMakeFiles/PicoMite.dir/I2C.c.obj
                0x000000001003bb90                RtcGetTime
 .text.cmd_rtc  0x000000001003be40      0xcb0 CMakeFiles/PicoMite.dir/I2C.c.obj
                0x000000001003be40                cmd_rtc
 .text.fun_mmi2c
                0x000000001003caf0       0x20 CMakeFiles/PicoMite.dir/I2C.c.obj
                0x000000001003caf0                fun_mmi2c
 .text.fun_spi  0x000000001003cb10       0x88 CMakeFiles/PicoMite.dir/SPI.c.obj
                0x000000001003cb10                fun_spi
 .text.SPIClose
                0x000000001003cb98       0x58 CMakeFiles/PicoMite.dir/SPI.c.obj
                0x000000001003cb98                SPIClose
 .text.fun_spi2
                0x000000001003cbf0       0x88 CMakeFiles/PicoMite.dir/SPI.c.obj
                0x000000001003cbf0                fun_spi2
 .text.SPI2Close
                0x000000001003cc78       0x58 CMakeFiles/PicoMite.dir/SPI.c.obj
                0x000000001003cc78                SPI2Close
 .text.GetSendDataList
                0x000000001003ccd0      0x210 CMakeFiles/PicoMite.dir/SPI.c.obj
                0x000000001003ccd0                GetSendDataList
 .text.GetReceiveDataBuffer
                0x000000001003cee0       0xac CMakeFiles/PicoMite.dir/SPI.c.obj
                0x000000001003cee0                GetReceiveDataBuffer
 .text.cmd_spi  0x000000001003cf8c      0x2a8 CMakeFiles/PicoMite.dir/SPI.c.obj
                0x000000001003cf8c                cmd_spi
 .text.cmd_spi2
                0x000000001003d234      0x2a4 CMakeFiles/PicoMite.dir/SPI.c.obj
                0x000000001003d234                cmd_spi2
 .text.on_uart_irq0
                0x000000001003d4d8      0x200 CMakeFiles/PicoMite.dir/Serial.c.obj
                0x000000001003d4d8                on_uart_irq0
 .text.on_uart_irq1
                0x000000001003d6d8      0x200 CMakeFiles/PicoMite.dir/Serial.c.obj
                0x000000001003d6d8                on_uart_irq1
 .text.setupuart
                0x000000001003d8d8       0xcc CMakeFiles/PicoMite.dir/Serial.c.obj
                0x000000001003d8d8                setupuart
 .text.SerialOpen
                0x000000001003d9a4      0x488 CMakeFiles/PicoMite.dir/Serial.c.obj
                0x000000001003d9a4                SerialOpen
 .text.SerialClose
                0x000000001003de2c       0xf0 CMakeFiles/PicoMite.dir/Serial.c.obj
                0x000000001003de2c                SerialClose
 .text.SerialPutchar
                0x000000001003df1c       0xe0 CMakeFiles/PicoMite.dir/Serial.c.obj
                0x000000001003df1c                SerialPutchar
 .text.SerialRxStatus
                0x000000001003dffc       0xa8 CMakeFiles/PicoMite.dir/Serial.c.obj
                0x000000001003dffc                SerialRxStatus
 .text.SerialTxStatus
                0x000000001003e0a4       0x40 CMakeFiles/PicoMite.dir/Serial.c.obj
                0x000000001003e0a4                SerialTxStatus
 .text.SerialGetchar
                0x000000001003e0e4       0xd0 CMakeFiles/PicoMite.dir/Serial.c.obj
                0x000000001003e0e4                SerialGetchar
 .text.DrawRectangleMEM
                0x000000001003e1b4      0x248 CMakeFiles/PicoMite.dir/SPI-LCD.c.obj
                0x000000001003e1b4                DrawRectangleMEM
 .text.DrawBitmapMEM
                0x000000001003e3fc      0x278 CMakeFiles/PicoMite.dir/SPI-LCD.c.obj
                0x000000001003e3fc                DrawBitmapMEM
 .text.SPISpeedSet.part.0
                0x000000001003e674      0x134 CMakeFiles/PicoMite.dir/SPI-LCD.c.obj
 .text.DisplayNotSet
                0x000000001003e7a8       0x10 CMakeFiles/PicoMite.dir/SPI-LCD.c.obj
                0x000000001003e7a8                DisplayNotSet
 .text.ConfigDisplaySPI
                0x000000001003e7b8      0x4fc CMakeFiles/PicoMite.dir/SPI-LCD.c.obj
                0x000000001003e7b8                ConfigDisplaySPI
 .text.SetCS    0x000000001003ecb4      0x164 CMakeFiles/PicoMite.dir/SPI-LCD.c.obj
                0x000000001003ecb4                SetCS
 .text.spi_write_data
                0x000000001003ee18       0xc0 CMakeFiles/PicoMite.dir/SPI-LCD.c.obj
                0x000000001003ee18                spi_write_data
 .text.spi_write_command
                0x000000001003eed8       0xc0 CMakeFiles/PicoMite.dir/SPI-LCD.c.obj
                0x000000001003eed8                spi_write_command
 .text.spi_write_CommandData.constprop.0
                0x000000001003ef98       0xc8 CMakeFiles/PicoMite.dir/SPI-LCD.c.obj
 .text.ST7920command
                0x000000001003f060       0x94 CMakeFiles/PicoMite.dir/SPI-LCD.c.obj
                0x000000001003f060                ST7920command
 .text.spi_write_cd
                0x000000001003f0f4      0x110 CMakeFiles/PicoMite.dir/SPI-LCD.c.obj
                0x000000001003f0f4                spi_write_cd
 .text.DefineRegionSPI
                0x000000001003f204      0x41c CMakeFiles/PicoMite.dir/SPI-LCD.c.obj
                0x000000001003f204                DefineRegionSPI
 .text.DrawRectangleSPI
                0x000000001003f620      0x3b8 CMakeFiles/PicoMite.dir/SPI-LCD.c.obj
                0x000000001003f620                DrawRectangleSPI
 .text.DrawBitmapSPI
                0x000000001003f9d8      0x378 CMakeFiles/PicoMite.dir/SPI-LCD.c.obj
                0x000000001003f9d8                DrawBitmapSPI
 .text.ReadBufferSPI
                0x000000001003fd50      0x170 CMakeFiles/PicoMite.dir/SPI-LCD.c.obj
                0x000000001003fd50                ReadBufferSPI
 .text.DrawBufferSPI
                0x000000001003fec0      0x158 CMakeFiles/PicoMite.dir/SPI-LCD.c.obj
                0x000000001003fec0                DrawBufferSPI
 .text.Display_Refresh
                0x0000000010040018      0x8a4 CMakeFiles/PicoMite.dir/SPI-LCD.c.obj
                0x0000000010040018                Display_Refresh
 .text.InitDisplaySPI
                0x00000000100408bc     0x1218 CMakeFiles/PicoMite.dir/SPI-LCD.c.obj
                0x00000000100408bc                InitDisplaySPI
 .text.SPISpeedSet
                0x0000000010041ad4      0x13c CMakeFiles/PicoMite.dir/SPI-LCD.c.obj
                0x0000000010041ad4                SPISpeedSet
 .text.ClearCS  0x0000000010041c10       0x3c CMakeFiles/PicoMite.dir/SPI-LCD.c.obj
                0x0000000010041c10                ClearCS
 .text.BDEC_bReadHeader
                0x0000000010041c4c      0x23c CMakeFiles/PicoMite.dir/BmpDecoder.c.obj
                0x0000000010041c4c                BDEC_bReadHeader
 .text.BMP_bDecode
                0x0000000010041e88      0x7f4 CMakeFiles/PicoMite.dir/BmpDecoder.c.obj
                0x0000000010041e88                BMP_bDecode
 .text.BMP_bDecode_memory
                0x000000001004267c      0x1e4 CMakeFiles/PicoMite.dir/BmpDecoder.c.obj
                0x000000001004267c                BMP_bDecode_memory
 .text.ConfigTouch
                0x0000000010042860      0x148 CMakeFiles/PicoMite.dir/Touch.c.obj
                0x0000000010042860                ConfigTouch
 .text.GetTouchValue
                0x00000000100429a8       0xa8 CMakeFiles/PicoMite.dir/Touch.c.obj
                0x00000000100429a8                GetTouchValue
 .text.GetTouchAxis
                0x0000000010042a50      0x164 CMakeFiles/PicoMite.dir/Touch.c.obj
                0x0000000010042a50                GetTouchAxis
 .text.GetTouch
                0x0000000010042bb4      0x1f8 CMakeFiles/PicoMite.dir/Touch.c.obj
                0x0000000010042bb4                GetTouch
 .text.GetTouchAxis.constprop.0
                0x0000000010042dac      0x154 CMakeFiles/PicoMite.dir/Touch.c.obj
 .text.GetTouchAxis.constprop.1
                0x0000000010042f00      0x154 CMakeFiles/PicoMite.dir/Touch.c.obj
 .text.InitTouch
                0x0000000010043054       0x30 CMakeFiles/PicoMite.dir/Touch.c.obj
                0x0000000010043054                InitTouch
 .text.GetCalibration
                0x0000000010043084      0x1d4 CMakeFiles/PicoMite.dir/Touch.c.obj
                0x0000000010043084                GetCalibration
 .text.fun_touch
                0x0000000010043258      0x2a0 CMakeFiles/PicoMite.dir/Touch.c.obj
                0x0000000010043258                fun_touch
 .text.SpecialPrintString.constprop.0
                0x00000000100434f8      0x180 CMakeFiles/PicoMite.dir/GUI.c.obj
 .text.DrawBasicButton.constprop.0
                0x0000000010043678      0x3dc CMakeFiles/PicoMite.dir/GUI.c.obj
 .text.SpecialDrawBox
                0x0000000010043a54      0x154 CMakeFiles/PicoMite.dir/GUI.c.obj
                0x0000000010043a54                SpecialDrawBox
 .text.SpecialPrintString
                0x0000000010043ba8      0x2b0 CMakeFiles/PicoMite.dir/GUI.c.obj
                0x0000000010043ba8                SpecialPrintString
 .text.DrawButton
                0x0000000010043e58      0x128 CMakeFiles/PicoMite.dir/GUI.c.obj
                0x0000000010043e58                DrawButton
 .text.DrawSwitch
                0x0000000010043f80      0x638 CMakeFiles/PicoMite.dir/GUI.c.obj
                0x0000000010043f80                DrawSwitch
 .text.DrawCheckBox
                0x00000000100445b8      0x428 CMakeFiles/PicoMite.dir/GUI.c.obj
                0x00000000100445b8                DrawCheckBox
 .text.DrawLED  0x00000000100449e0      0x27c CMakeFiles/PicoMite.dir/GUI.c.obj
                0x00000000100449e0                DrawLED
 .text.DrawSpinner
                0x0000000010044c5c      0x650 CMakeFiles/PicoMite.dir/GUI.c.obj
                0x0000000010044c5c                DrawSpinner
 .text.DrawFrame
                0x00000000100452ac      0x124 CMakeFiles/PicoMite.dir/GUI.c.obj
                0x00000000100452ac                DrawFrame
 .text.DrawGauge
                0x00000000100453d0      0xba0 CMakeFiles/PicoMite.dir/GUI.c.obj
                0x00000000100453d0                DrawGauge
 .text.DrawBarGauge
                0x0000000010045f70      0x770 CMakeFiles/PicoMite.dir/GUI.c.obj
                0x0000000010045f70                DrawBarGauge
 .text.GetSingleKeyCoord
                0x00000000100466e0      0x1a4 CMakeFiles/PicoMite.dir/GUI.c.obj
                0x00000000100466e0                GetSingleKeyCoord
 .text.DrawDisplayBox
                0x0000000010046884      0x2c0 CMakeFiles/PicoMite.dir/GUI.c.obj
                0x0000000010046884                DrawDisplayBox
 .text.KeyPadErase
                0x0000000010046b44      0x1e0 CMakeFiles/PicoMite.dir/GUI.c.obj
                0x0000000010046b44                KeyPadErase
 .text.DrawSingleKey
                0x0000000010046d24      0x150 CMakeFiles/PicoMite.dir/GUI.c.obj
                0x0000000010046d24                DrawSingleKey
 .text.DrawFmtKeypad
                0x0000000010046e74      0x380 CMakeFiles/PicoMite.dir/GUI.c.obj
                0x0000000010046e74                DrawFmtKeypad
 .text.DrawControl
                0x00000000100471f4       0xc8 CMakeFiles/PicoMite.dir/GUI.c.obj
                0x00000000100471f4                DrawControl
 .text.cmd_page
                0x00000000100472bc      0x258 CMakeFiles/PicoMite.dir/GUI.c.obj
                0x00000000100472bc                cmd_page
 .text.DrawFmtControl
                0x0000000010047514       0x7c CMakeFiles/PicoMite.dir/GUI.c.obj
                0x0000000010047514                DrawFmtControl
 .text.PopUpRedrawAll
                0x0000000010047590      0x148 CMakeFiles/PicoMite.dir/GUI.c.obj
                0x0000000010047590                PopUpRedrawAll
 .text.DrawKeyboard
                0x00000000100476d8      0x794 CMakeFiles/PicoMite.dir/GUI.c.obj
                0x00000000100476d8                DrawKeyboard
 .text.DrawFmtBox
                0x0000000010047e6c      0x3f8 CMakeFiles/PicoMite.dir/GUI.c.obj
                0x0000000010047e6c                DrawFmtBox
 .text.DrawRadioBtn
                0x0000000010048264      0x47c CMakeFiles/PicoMite.dir/GUI.c.obj
                0x0000000010048264                DrawRadioBtn
 .text.UpdateControl
                0x00000000100486e0       0x3c CMakeFiles/PicoMite.dir/GUI.c.obj
                0x00000000100486e0                UpdateControl
 .text.ProcessTouch
                0x000000001004871c      0x540 CMakeFiles/PicoMite.dir/GUI.c.obj
                0x000000001004871c                ProcessTouch
 .text.SetCtrlState
                0x0000000010048c5c      0x120 CMakeFiles/PicoMite.dir/GUI.c.obj
                0x0000000010048c5c                SetCtrlState
 .text.GetCtrlParams
                0x0000000010048d7c      0xbe0 CMakeFiles/PicoMite.dir/GUI.c.obj
                0x0000000010048d7c                GetCtrlParams
 .text.cmd_gui  0x000000001004995c      0xe24 CMakeFiles/PicoMite.dir/GUI.c.obj
                0x000000001004995c                cmd_gui
 .text.HideAllControls
                0x000000001004a780       0xb4 CMakeFiles/PicoMite.dir/GUI.c.obj
                0x000000001004a780                HideAllControls
 .text.fun_msgbox
                0x000000001004a834      0x7ec CMakeFiles/PicoMite.dir/GUI.c.obj
                0x000000001004a834                fun_msgbox
 .text.fun_ctrlval
                0x000000001004b020      0x178 CMakeFiles/PicoMite.dir/GUI.c.obj
                0x000000001004b020                fun_ctrlval
 .text.cmd_ctrlval
                0x000000001004b198      0x424 CMakeFiles/PicoMite.dir/GUI.c.obj
                0x000000001004b198                cmd_ctrlval
 .text.fun_mmhpos
                0x000000001004b5bc       0x3c CMakeFiles/PicoMite.dir/GUI.c.obj
                0x000000001004b5bc                fun_mmhpos
 .text.fun_mmvpos
                0x000000001004b5f8       0x3c CMakeFiles/PicoMite.dir/GUI.c.obj
                0x000000001004b5f8                fun_mmvpos
 .text.ResetGUI
                0x000000001004b634      0x17c CMakeFiles/PicoMite.dir/GUI.c.obj
                0x000000001004b634                ResetGUI
 .text.CheckGuiTimeouts
                0x000000001004b7b0       0x6c CMakeFiles/PicoMite.dir/GUI.c.obj
                0x000000001004b7b0                CheckGuiTimeouts
 .text.CheckGui
                0x000000001004b81c       0xf4 CMakeFiles/PicoMite.dir/GUI.c.obj
                0x000000001004b81c                CheckGui
 .text.gmtime_r
                0x000000001004b910      0x1d4 CMakeFiles/PicoMite.dir/GPS.c.obj
                0x000000001004b910                gmtime_r
 .text.gmtime   0x000000001004bae4      0x1f4 CMakeFiles/PicoMite.dir/GPS.c.obj
                0x000000001004bae4                gmtime
 .text.timegm   0x000000001004bcd8       0xe4 CMakeFiles/PicoMite.dir/GPS.c.obj
                0x000000001004bcd8                timegm
 .text.fun_GPS  0x000000001004bdbc      0x1a8 CMakeFiles/PicoMite.dir/GPS.c.obj
                0x000000001004bdbc                fun_GPS
 .text.GPS_parse
                0x000000001004bf64      0x898 CMakeFiles/PicoMite.dir/GPS.c.obj
                0x000000001004bf64                GPS_parse
 .text.processgps
                0x000000001004c7fc       0x34 CMakeFiles/PicoMite.dir/GPS.c.obj
                0x000000001004c7fc                processgps
 .text.drwav__read_chunk_header
                0x000000001004c830       0xa0 CMakeFiles/PicoMite.dir/Audio.c.obj
 .text.drwav_read_pcm_frames_s16__msadpcm
                0x000000001004c8d0      0x438 CMakeFiles/PicoMite.dir/Audio.c.obj
 .text.drwav_read_pcm_frames_s16__ima
                0x000000001004cd08      0x664 CMakeFiles/PicoMite.dir/Audio.c.obj
 .text.drwav__free_default
                0x000000001004d36c        0x8 CMakeFiles/PicoMite.dir/Audio.c.obj
 .text.drwav__realloc_default
                0x000000001004d374        0x8 CMakeFiles/PicoMite.dir/Audio.c.obj
 .text.drwav__malloc_default
                0x000000001004d37c        0x8 CMakeFiles/PicoMite.dir/Audio.c.obj
 .text.my_malloc
                0x000000001004d384        0x8 CMakeFiles/PicoMite.dir/Audio.c.obj
                0x000000001004d384                my_malloc
 .text.my_realloc
                0x000000001004d38c        0x8 CMakeFiles/PicoMite.dir/Audio.c.obj
                0x000000001004d38c                my_realloc
 .text.my_free  0x000000001004d394        0x8 CMakeFiles/PicoMite.dir/Audio.c.obj
                0x000000001004d394                my_free
 .text.drwav__seek_from_start
                0x000000001004d39c       0x94 CMakeFiles/PicoMite.dir/Audio.c.obj
 .text.onRead   0x000000001004d430       0x44 CMakeFiles/PicoMite.dir/Audio.c.obj
                0x000000001004d430                onRead
 .text.onSeek   0x000000001004d474       0x3c CMakeFiles/PicoMite.dir/Audio.c.obj
                0x000000001004d474                onSeek
 .text.drwav_read_raw.part.0
                0x000000001004d4b0       0xac CMakeFiles/PicoMite.dir/Audio.c.obj
 .text.drwav_read_pcm_frames_s16__pcm
                0x000000001004d55c      0x468 CMakeFiles/PicoMite.dir/Audio.c.obj
 .text.drwav_read_pcm_frames_s16__alaw
                0x000000001004d9c4      0x1dc CMakeFiles/PicoMite.dir/Audio.c.obj
 .text.drwav_read_pcm_frames_s16__mulaw
                0x000000001004dba0      0x1dc CMakeFiles/PicoMite.dir/Audio.c.obj
 .text.drwav_read_pcm_frames_s16__ieee
                0x000000001004dd7c      0x2dc CMakeFiles/PicoMite.dir/Audio.c.obj
 .text.drwav_read_pcm_frames_s16.part.0
                0x000000001004e058       0xc8 CMakeFiles/PicoMite.dir/Audio.c.obj
 .text.drwav_init__internal
                0x000000001004e120      0xedc CMakeFiles/PicoMite.dir/Audio.c.obj
 .text.drwav_init_ex
                0x000000001004effc       0x8c CMakeFiles/PicoMite.dir/Audio.c.obj
                0x000000001004effc                drwav_init_ex
 .text.drwav_read_pcm_frames_s16
                0x000000001004f088      0x12c CMakeFiles/PicoMite.dir/Audio.c.obj
                0x000000001004f088                drwav_read_pcm_frames_s16
 .text.CloseAudio
                0x000000001004f1b4      0x1bc CMakeFiles/PicoMite.dir/Audio.c.obj
                0x000000001004f1b4                CloseAudio
 .text.setrate  0x000000001004f370       0x84 CMakeFiles/PicoMite.dir/Audio.c.obj
                0x000000001004f370                setrate
 .text.iconvert
                0x000000001004f3f4       0xa0 CMakeFiles/PicoMite.dir/Audio.c.obj
                0x000000001004f3f4                iconvert
 .text.wavcallback
                0x000000001004f494      0x354 CMakeFiles/PicoMite.dir/Audio.c.obj
                0x000000001004f494                wavcallback
 .text.cmd_play
                0x000000001004f7e8      0xb54 CMakeFiles/PicoMite.dir/Audio.c.obj
                0x000000001004f7e8                cmd_play
 .text.checkWAVinput
                0x000000001005033c      0x2d4 CMakeFiles/PicoMite.dir/Audio.c.obj
                0x000000001005033c                checkWAVinput
 .text.CallCFunction
                0x0000000010050610      0x3f4 CMakeFiles/PicoMite.dir/CFunction.c.obj
                0x0000000010050610                CallCFunction
 .text.CallCFuncmSec
                0x0000000010050a04       0x10 CMakeFiles/PicoMite.dir/CFunction.c.obj
                0x0000000010050a04                CallCFuncmSec
 .text.CallExecuteProgram
                0x0000000010050a14       0x30 CMakeFiles/PicoMite.dir/CFunction.c.obj
                0x0000000010050a14                CallExecuteProgram
 .text.set_sys_clock_pll
                0x0000000010050a44       0x78 CMakeFiles/PicoMite.dir/home/tom/PicoMite/pico-sdk/src/rp2_common/pico_stdlib/stdlib.c.obj
                0x0000000010050a44                set_sys_clock_pll
 .text.check_sys_clock_khz
                0x0000000010050abc      0x178 CMakeFiles/PicoMite.dir/home/tom/PicoMite/pico-sdk/src/rp2_common/pico_stdlib/stdlib.c.obj
                0x0000000010050abc                check_sys_clock_khz
 .text.gpio_irq_handler
                0x0000000010050c34       0x7c CMakeFiles/PicoMite.dir/home/tom/PicoMite/pico-sdk/src/rp2_common/hardware_gpio/gpio.c.obj
 .text.gpio_set_function
                0x0000000010050cb0       0x30 CMakeFiles/PicoMite.dir/home/tom/PicoMite/pico-sdk/src/rp2_common/hardware_gpio/gpio.c.obj
                0x0000000010050cb0                gpio_set_function
 .text.gpio_set_pulls
                0x0000000010050ce0       0x30 CMakeFiles/PicoMite.dir/home/tom/PicoMite/pico-sdk/src/rp2_common/hardware_gpio/gpio.c.obj
                0x0000000010050ce0                gpio_set_pulls
 .text.gpio_set_input_hysteresis_enabled
                0x0000000010050d10       0x28 CMakeFiles/PicoMite.dir/home/tom/PicoMite/pico-sdk/src/rp2_common/hardware_gpio/gpio.c.obj
                0x0000000010050d10                gpio_set_input_hysteresis_enabled
 .text.gpio_set_slew_rate
                0x0000000010050d38       0x20 CMakeFiles/PicoMite.dir/home/tom/PicoMite/pico-sdk/src/rp2_common/hardware_gpio/gpio.c.obj
                0x0000000010050d38                gpio_set_slew_rate
 .text.gpio_set_drive_strength
                0x0000000010050d58       0x20 CMakeFiles/PicoMite.dir/home/tom/PicoMite/pico-sdk/src/rp2_common/hardware_gpio/gpio.c.obj
                0x0000000010050d58                gpio_set_drive_strength
 .text.gpio_set_irq_enabled
                0x0000000010050d78       0x54 CMakeFiles/PicoMite.dir/home/tom/PicoMite/pico-sdk/src/rp2_common/hardware_gpio/gpio.c.obj
                0x0000000010050d78                gpio_set_irq_enabled
 .text.gpio_set_irq_enabled_with_callback
                0x0000000010050dcc       0x78 CMakeFiles/PicoMite.dir/home/tom/PicoMite/pico-sdk/src/rp2_common/hardware_gpio/gpio.c.obj
                0x0000000010050dcc                gpio_set_irq_enabled_with_callback
 .text.gpio_set_input_enabled
                0x0000000010050e44       0x28 CMakeFiles/PicoMite.dir/home/tom/PicoMite/pico-sdk/src/rp2_common/hardware_gpio/gpio.c.obj
                0x0000000010050e44                gpio_set_input_enabled
 .text.gpio_init
                0x0000000010050e6c       0x3c CMakeFiles/PicoMite.dir/home/tom/PicoMite/pico-sdk/src/rp2_common/hardware_gpio/gpio.c.obj
                0x0000000010050e6c                gpio_init
 .text.hw_claim_lock
                0x0000000010050ea8       0x18 CMakeFiles/PicoMite.dir/home/tom/PicoMite/pico-sdk/src/rp2_common/hardware_claim/claim.c.obj
                0x0000000010050ea8                hw_claim_lock
 .text.hw_claim_unlock
                0x0000000010050ec0       0x14 CMakeFiles/PicoMite.dir/home/tom/PicoMite/pico-sdk/src/rp2_common/hardware_claim/claim.c.obj
                0x0000000010050ec0                hw_claim_unlock
 .text.hw_is_claimed
                0x0000000010050ed4       0x18 CMakeFiles/PicoMite.dir/home/tom/PicoMite/pico-sdk/src/rp2_common/hardware_claim/claim.c.obj
                0x0000000010050ed4                hw_is_claimed
 .text.hw_claim_or_assert
                0x0000000010050eec       0x44 CMakeFiles/PicoMite.dir/home/tom/PicoMite/pico-sdk/src/rp2_common/hardware_claim/claim.c.obj
                0x0000000010050eec                hw_claim_or_assert
 .text.hw_claim_unused_from_range
                0x0000000010050f30       0x9c CMakeFiles/PicoMite.dir/home/tom/PicoMite/pico-sdk/src/rp2_common/hardware_claim/claim.c.obj
                0x0000000010050f30                hw_claim_unused_from_range
 .text.hw_claim_clear
                0x0000000010050fcc       0x38 CMakeFiles/PicoMite.dir/home/tom/PicoMite/pico-sdk/src/rp2_common/hardware_claim/claim.c.obj
                0x0000000010050fcc                hw_claim_clear
 .text.running_on_fpga
                0x0000000010051004       0x10 CMakeFiles/PicoMite.dir/home/tom/PicoMite/pico-sdk/src/rp2_common/pico_platform/platform.c.obj
                0x0000000010051004                running_on_fpga
 .text.spin_locks_reset